Archive member included to satisfy reference by file (symbol)

c:\Users\abaub\Documents\Arduino\generated_examples\BlinkSerial\build/core\core.a(Print.cpp.o)
                              c:\Users\abaub\Documents\Arduino\generated_examples\BlinkSerial\build\sketch\BlinkSerial.ino.cpp.o (Print::print(char const*))
c:\Users\abaub\Documents\Arduino\generated_examples\BlinkSerial\build/core\core.a(SERCOM.cpp.o)
                              c:\Users\abaub\Documents\Arduino\generated_examples\BlinkSerial\build\core\variant.cpp.o (SERCOM::SERCOM(Sercom*))
c:\Users\abaub\Documents\Arduino\generated_examples\BlinkSerial\build/core\core.a(Stream.cpp.o)
                              c:\Users\abaub\Documents\Arduino\generated_examples\BlinkSerial\build\sketch\BlinkSerial.ino.cpp.o (Stream::readString())
c:\Users\abaub\Documents\Arduino\generated_examples\BlinkSerial\build/core\core.a(CDC.cpp.o)
                              c:\Users\abaub\Documents\Arduino\generated_examples\BlinkSerial\build\sketch\BlinkSerial.ino.cpp.o (Serial_::begin(unsigned long))
c:\Users\abaub\Documents\Arduino\generated_examples\BlinkSerial\build/core\core.a(PluggableUSB.cpp.o)
                              c:\Users\abaub\Documents\Arduino\generated_examples\BlinkSerial\build/core\core.a(CDC.cpp.o) (PluggableUSB_::plug(PluggableUSBModule*))
c:\Users\abaub\Documents\Arduino\generated_examples\BlinkSerial\build/core\core.a(USBCore.cpp.o)
                              c:\Users\abaub\Documents\Arduino\generated_examples\BlinkSerial\build/core\core.a(CDC.cpp.o) (usbd)
c:\Users\abaub\Documents\Arduino\generated_examples\BlinkSerial\build/core\core.a(Uart.cpp.o)
                              c:\Users\abaub\Documents\Arduino\generated_examples\BlinkSerial\build\core\variant.cpp.o (Uart::Uart(SERCOM*, unsigned char, unsigned char, SercomRXPad, SercomUartTXPad))
c:\Users\abaub\Documents\Arduino\generated_examples\BlinkSerial\build/core\core.a(WString.cpp.o)
                              c:\Users\abaub\Documents\Arduino\generated_examples\BlinkSerial\build\sketch\BlinkSerial.ino.cpp.o (String::~String())
c:\Users\abaub\Documents\Arduino\generated_examples\BlinkSerial\build/core\core.a(abi.cpp.o)
                              c:\Users\abaub\Documents\Arduino\generated_examples\BlinkSerial\build/core\core.a(Print.cpp.o) (__cxa_pure_virtual)
c:\Users\abaub\Documents\Arduino\generated_examples\BlinkSerial\build/core\core.a(dtostrf.c.o)
                              c:\Users\abaub\Documents\Arduino\generated_examples\BlinkSerial\build/core\core.a(WString.cpp.o) (dtostrf)
c:\Users\abaub\Documents\Arduino\generated_examples\BlinkSerial\build/core\core.a(cortex_handlers.c.o)
                              (Reset_Handler)
c:\Users\abaub\Documents\Arduino\generated_examples\BlinkSerial\build/core\core.a(delay.c.o)
                              c:\Users\abaub\Documents\Arduino\generated_examples\BlinkSerial\build/core\core.a(Stream.cpp.o) (millis)
c:\Users\abaub\Documents\Arduino\generated_examples\BlinkSerial\build/core\core.a(hooks.c.o)
                              c:\Users\abaub\Documents\Arduino\generated_examples\BlinkSerial\build/core\core.a(delay.c.o) (yield)
c:\Users\abaub\Documents\Arduino\generated_examples\BlinkSerial\build/core\core.a(itoa.c.o)
                              c:\Users\abaub\Documents\Arduino\generated_examples\BlinkSerial\build/core\core.a(WString.cpp.o) (ltoa)
c:\Users\abaub\Documents\Arduino\generated_examples\BlinkSerial\build/core\core.a(main.cpp.o)
                              c:/users/abaub/appdata/local/arduino15/packages/arduino/tools/arm-none-eabi-gcc/7-2017q4/bin/../lib/gcc/arm-none-eabi/7.2.1/../../../../arm-none-eabi/lib/thumb/v6-m/crt0.o (main)
c:\Users\abaub\Documents\Arduino\generated_examples\BlinkSerial\build/core\core.a(new.cpp.o)
                              c:\Users\abaub\Documents\Arduino\generated_examples\BlinkSerial\build/core\core.a(USBCore.cpp.o) (operator new(unsigned int))
c:\Users\abaub\Documents\Arduino\generated_examples\BlinkSerial\build/core\core.a(startup.c.o)
                              c:\Users\abaub\Documents\Arduino\generated_examples\BlinkSerial\build/core\core.a(cortex_handlers.c.o) (SystemInit)
c:\Users\abaub\Documents\Arduino\generated_examples\BlinkSerial\build/core\core.a(wiring.c.o)
                              c:\Users\abaub\Documents\Arduino\generated_examples\BlinkSerial\build/core\core.a(main.cpp.o) (init)
c:\Users\abaub\Documents\Arduino\generated_examples\BlinkSerial\build/core\core.a(wiring_analog.c.o)
                              c:\Users\abaub\Documents\Arduino\generated_examples\BlinkSerial\build/core\core.a(wiring.c.o) (analogReference)
c:\Users\abaub\Documents\Arduino\generated_examples\BlinkSerial\build/core\core.a(wiring_digital.c.o)
                              c:\Users\abaub\Documents\Arduino\generated_examples\BlinkSerial\build\sketch\BlinkSerial.ino.cpp.o (pinMode)
[...]
Memory Configuration

Name             Origin             Length             Attributes
FLASH            0x00002000         0x0003e000         xr
RAM              0x20000000         0x00008000         xrw
*default*        0x00000000         0xffffffff

Linker script and memory map

LOAD c:/users/abaub/appdata/local/arduino15/packages/arduino/tools/arm-none-eabi-gcc/7-2017q4/bin/../lib/gcc/arm-none-eabi/7.2.1/thumb/v6-m/crti.o
LOAD c:/users/abaub/appdata/local/arduino15/packages/arduino/tools/arm-none-eabi-gcc/7-2017q4/bin/../lib/gcc/arm-none-eabi/7.2.1/thumb/v6-m/crtbegin.o
LOAD c:/users/abaub/appdata/local/arduino15/packages/arduino/tools/arm-none-eabi-gcc/7-2017q4/bin/../lib/gcc/arm-none-eabi/7.2.1/../../../../arm-none-eabi/lib/thumb/v6-m/crt0.o
LOAD c:\Users\abaub\Documents\Arduino\generated_examples\BlinkSerial\build\sketch\BlinkSerial.ino.cpp.o
LOAD c:\Users\abaub\Documents\Arduino\generated_examples\BlinkSerial\build\core\variant.cpp.o
START GROUP
LOAD C:\Users\abaub\AppData\Local\Arduino15\packages\arduino\tools\CMSIS\4.5.0/CMSIS/Lib/GCC/\libarm_cortexM0l_math.a
LOAD c:\Users\abaub\Documents\Arduino\generated_examples\BlinkSerial\build/core\core.a
END GROUP
LOAD c:/users/abaub/appdata/local/arduino15/packages/arduino/tools/arm-none-eabi-gcc/7-2017q4/bin/../lib/gcc/arm-none-eabi/7.2.1/../../../../arm-none-eabi/lib/thumb/v6-m\libstdc++_nano.a
LOAD c:/users/abaub/appdata/local/arduino15/packages/arduino/tools/arm-none-eabi-gcc/7-2017q4/bin/../lib/gcc/arm-none-eabi/7.2.1/../../../../arm-none-eabi/lib/thumb/v6-m\libm.a
START GROUP
LOAD c:/users/abaub/appdata/local/arduino15/packages/arduino/tools/arm-none-eabi-gcc/7-2017q4/bin/../lib/gcc/arm-none-eabi/7.2.1/thumb/v6-m\libgcc.a
LOAD c:/users/abaub/appdata/local/arduino15/packages/arduino/tools/arm-none-eabi-gcc/7-2017q4/bin/../lib/gcc/arm-none-eabi/7.2.1/../../../../arm-none-eabi/lib/thumb/v6-m\libc_nano.a
END GROUP
START GROUP
LOAD c:/users/abaub/appdata/local/arduino15/packages/arduino/tools/arm-none-eabi-gcc/7-2017q4/bin/../lib/gcc/arm-none-eabi/7.2.1/thumb/v6-m\libgcc.a
LOAD c:/users/abaub/appdata/local/arduino15/packages/arduino/tools/arm-none-eabi-gcc/7-2017q4/bin/../lib/gcc/arm-none-eabi/7.2.1/../../../../arm-none-eabi/lib/thumb/v6-m\libc_nano.a
LOAD c:/users/abaub/appdata/local/arduino15/packages/arduino/tools/arm-none-eabi-gcc/7-2017q4/bin/../lib/gcc/arm-none-eabi/7.2.1/../../../../arm-none-eabi/lib/thumb/v6-m\libnosys.a
END GROUP
START GROUP
LOAD c:/users/abaub/appdata/local/arduino15/packages/arduino/tools/arm-none-eabi-gcc/7-2017q4/bin/../lib/gcc/arm-none-eabi/7.2.1/thumb/v6-m\libgcc.a
LOAD c:/users/abaub/appdata/local/arduino15/packages/arduino/tools/arm-none-eabi-gcc/7-2017q4/bin/../lib/gcc/arm-none-eabi/7.2.1/../../../../arm-none-eabi/lib/thumb/v6-m\libc_nano.a
LOAD c:/users/abaub/appdata/local/arduino15/packages/arduino/tools/arm-none-eabi-gcc/7-2017q4/bin/../lib/gcc/arm-none-eabi/7.2.1/../../../../arm-none-eabi/lib/thumb/v6-m\libnosys.a
END GROUP
LOAD c:/users/abaub/appdata/local/arduino15/packages/arduino/tools/arm-none-eabi-gcc/7-2017q4/bin/../lib/gcc/arm-none-eabi/7.2.1/thumb/v6-m/crtend.o
LOAD c:/users/abaub/appdata/local/arduino15/packages/arduino/tools/arm-none-eabi-gcc/7-2017q4/bin/../lib/gcc/arm-none-eabi/7.2.1/thumb/v6-m/crtn.o

.text           0x00002000     0x2fac
                0x00002000                __text_start__ = .
 *(.sketch_boot)
                0x00002000                . = ALIGN (0x2000)
 *(.isr_vector)
 .isr_vector    0x00002000       0xb4 c:\Users\abaub\Documents\Arduino\generated_examples\BlinkSerial\build/core\core.a(cortex_handlers.c.o)
                0x00002000                exception_table
 *(.text*)
 .text          0x000020b4       0x48 c:/users/abaub/appdata/local/arduino15/packages/arduino/tools/arm-none-eabi-gcc/7-2017q4/bin/../lib/gcc/arm-none-eabi/7.2.1/thumb/v6-m/crtbegin.o
 .text.setup    0x000020fc       0x30 c:\Users\abaub\Documents\Arduino\generated_examples\BlinkSerial\build\sketch\BlinkSerial.ino.cpp.o
                0x000020fc                setup
 .text.loop     0x0000212c       0xc8 c:\Users\abaub\Documents\Arduino\generated_examples\BlinkSerial\build\sketch\BlinkSerial.ino.cpp.o
                0x0000212c                loop
 .text.startup._GLOBAL__sub_I_s1
                0x000021f4       0x28 c:\Users\abaub\Documents\Arduino\generated_examples\BlinkSerial\build\sketch\BlinkSerial.ino.cpp.o
 .text.SERCOM5_Handler
                0x0000221c       0x10 c:\Users\abaub\Documents\Arduino\generated_examples\BlinkSerial\build\core\variant.cpp.o
                0x0000221c                SERCOM5_Handler
 .text.startup._GLOBAL__sub_I_g_APinDescription
                0x0000222c       0x80 c:\Users\abaub\Documents\Arduino\generated_examples\BlinkSerial\build\core\variant.cpp.o
 .text._ZN5Print5writeEPKhj
                0x000022ac       0x28 c:\Users\abaub\Documents\Arduino\generated_examples\BlinkSerial\build/core\core.a(Print.cpp.o)
                0x000022ac                Print::write(unsigned char const*, unsigned int)
 .text._ZN5Print5writeEPKc.part.2
                0x000022d4       0x1a c:\Users\abaub\Documents\Arduino\generated_examples\BlinkSerial\build/core\core.a(Print.cpp.o)
 .text._ZN5Print5writeEPKc
                0x000022ee       0x10 c:\Users\abaub\Documents\Arduino\generated_examples\BlinkSerial\build/core\core.a(Print.cpp.o)
                0x000022ee                Print::write(char const*)
 .text._ZN5Print5printERK6String
                0x000022fe        0xe c:\Users\abaub\Documents\Arduino\generated_examples\BlinkSerial\build/core\core.a(Print.cpp.o)
                0x000022fe                Print::print(String const&)
 .text._ZN5Print5printEPKc
                0x0000230c        0x8 c:\Users\abaub\Documents\Arduino\generated_examples\BlinkSerial\build/core\core.a(Print.cpp.o)
                0x0000230c                Print::print(char const*)
 .text._ZN5Print7printlnEv
                0x00002314       0x10 c:\Users\abaub\Documents\Arduino\generated_examples\BlinkSerial\build/core\core.a(Print.cpp.o)
                0x00002314                Print::println()
 .text._ZN5Print7printlnERK6String
                0x00002324       0x14 c:\Users\abaub\Documents\Arduino\generated_examples\BlinkSerial\build/core\core.a(Print.cpp.o)
                0x00002324                Print::println(String const&)
 .text._ZN5Print7printlnEPKc
                0x00002338       0x14 c:\Users\abaub\Documents\Arduino\generated_examples\BlinkSerial\build/core\core.a(Print.cpp.o)
                0x00002338                Print::println(char const*)
 .text._ZN6SERCOMC2EP6Sercom
                0x0000234c        0x4 c:\Users\abaub\Documents\Arduino\generated_examples\BlinkSerial\build/core\core.a(SERCOM.cpp.o)
                0x0000234c                SERCOM::SERCOM(Sercom*)
                0x0000234c                SERCOM::SERCOM(Sercom*)
 .text._ZN6SERCOM9initFrameE18SercomUartCharSize15SercomDataOrder16SercomParityMode19SercomNumberStopBit
                0x00002350       0x3a c:\Users\abaub\Documents\Arduino\generated_examples\BlinkSerial\build/core\core.a(SERCOM.cpp.o)
                0x00002350                SERCOM::initFrame(SercomUartCharSize, SercomDataOrder, SercomParityMode, SercomNumberStopBit)
 .text._ZN6SERCOM8initPadsE15SercomUartTXPad11SercomRXPad
                0x0000238a       0x26 c:\Users\abaub\Documents\Arduino\generated_examples\BlinkSerial\build/core\core.a(SERCOM.cpp.o)
                0x0000238a                SERCOM::initPads(SercomUartTXPad, SercomRXPad)
 .text._ZN6SERCOM9resetUARTEv
                0x000023b0       0x1a c:\Users\abaub\Documents\Arduino\generated_examples\BlinkSerial\build/core\core.a(SERCOM.cpp.o)
                0x000023b0                SERCOM::resetUART()
 .text._ZN6SERCOM10enableUARTEv
                0x000023ca       0x14 c:\Users\abaub\Documents\Arduino\generated_examples\BlinkSerial\build/core\core.a(SERCOM.cpp.o)
                0x000023ca                SERCOM::enableUART()
 .text._ZN6SERCOM9flushUARTEv
                0x000023de       0x10 c:\Users\abaub\Documents\Arduino\generated_examples\BlinkSerial\build/core\core.a(SERCOM.cpp.o)
                0x000023de                SERCOM::flushUART()
 .text._ZN6SERCOM15clearStatusUARTEv
                0x000023ee        0x8 c:\Users\abaub\Documents\Arduino\generated_examples\BlinkSerial\build/core\core.a(SERCOM.cpp.o)
                0x000023ee                SERCOM::clearStatusUART()
 .text._ZN6SERCOM17availableDataUARTEv
                0x000023f6        0xa c:\Users\abaub\Documents\Arduino\generated_examples\BlinkSerial\build/core\core.a(SERCOM.cpp.o)
                0x000023f6                SERCOM::availableDataUART()
 .text._ZN6SERCOM11isUARTErrorEv
                0x00002400        0x8 c:\Users\abaub\Documents\Arduino\generated_examples\BlinkSerial\build/core\core.a(SERCOM.cpp.o)
                0x00002400                SERCOM::isUARTError()
 .text._ZN6SERCOM20acknowledgeUARTErrorEv
                0x00002408        0xe c:\Users\abaub\Documents\Arduino\generated_examples\BlinkSerial\build/core\core.a(SERCOM.cpp.o)
                0x00002408                SERCOM::acknowledgeUARTError()
 .text._ZN6SERCOM16isFrameErrorUARTEv
                0x00002416        0xa c:\Users\abaub\Documents\Arduino\generated_examples\BlinkSerial\build/core\core.a(SERCOM.cpp.o)
                0x00002416                SERCOM::isFrameErrorUART()
 .text._ZN6SERCOM19clearFrameErrorUARTEv
                0x00002420        0xc c:\Users\abaub\Documents\Arduino\generated_examples\BlinkSerial\build/core\core.a(SERCOM.cpp.o)
                0x00002420                SERCOM::clearFrameErrorUART()
 .text._ZN6SERCOM23isDataRegisterEmptyUARTEv
                0x0000242c        0xa c:\Users\abaub\Documents\Arduino\generated_examples\BlinkSerial\build/core\core.a(SERCOM.cpp.o)
                0x0000242c                SERCOM::isDataRegisterEmptyUART()
 .text._ZN6SERCOM12readDataUARTEv
                0x00002436        0x8 c:\Users\abaub\Documents\Arduino\generated_examples\BlinkSerial\build/core\core.a(SERCOM.cpp.o)
                0x00002436                SERCOM::readDataUART()
 .text._ZN6SERCOM13writeDataUARTEh
                0x0000243e       0x10 c:\Users\abaub\Documents\Arduino\generated_examples\BlinkSerial\build/core\core.a(SERCOM.cpp.o)
                0x0000243e                SERCOM::writeDataUART(unsigned char)
 .text._ZN6SERCOM36enableDataRegisterEmptyInterruptUARTEv
                0x0000244e        0x8 c:\Users\abaub\Documents\Arduino\generated_examples\BlinkSerial\build/core\core.a(SERCOM.cpp.o)
                0x0000244e                SERCOM::enableDataRegisterEmptyInterruptUART()
 .text._ZN6SERCOM37disableDataRegisterEmptyInterruptUARTEv
                0x00002456        0x8 c:\Users\abaub\Documents\Arduino\generated_examples\BlinkSerial\build/core\core.a(SERCOM.cpp.o)
                0x00002456                SERCOM::disableDataRegisterEmptyInterruptUART()
 *fill*         0x0000245e        0x2 
 .text._ZN6SERCOM13initClockNVICEv
                0x00002460       0xa8 c:\Users\abaub\Documents\Arduino\generated_examples\BlinkSerial\build/core\core.a(SERCOM.cpp.o)
                0x00002460                SERCOM::initClockNVIC()
 .text._ZN6SERCOM8initUARTE14SercomUartMode20SercomUartSampleRatem
                0x00002508       0x6c c:\Users\abaub\Documents\Arduino\generated_examples\BlinkSerial\build/core\core.a(SERCOM.cpp.o)
                0x00002508                SERCOM::initUART(SercomUartMode, SercomUartSampleRate, unsigned long)
 .text._ZN6Stream9timedReadEv
                0x00002574       0x2a c:\Users\abaub\Documents\Arduino\generated_examples\BlinkSerial\build/core\core.a(Stream.cpp.o)
                0x00002574                Stream::timedRead()
 *fill*         0x0000259e        0x2 
 .text._ZN6Stream10readStringEv
                0x000025a0       0x28 c:\Users\abaub\Documents\Arduino\generated_examples\BlinkSerial\build/core\core.a(Stream.cpp.o)
                0x000025a0                Stream::readString()
 .text._ZN7Serial_13getDescriptorER8USBSetup
                0x000025c8        0x4 c:\Users\abaub\Documents\Arduino\generated_examples\BlinkSerial\build/core\core.a(CDC.cpp.o)
                0x000025c8                Serial_::getDescriptor(USBSetup&)
 .text._ZL5utox8mPc
                0x000025cc       0x24 c:\Users\abaub\Documents\Arduino\generated_examples\BlinkSerial\build/core\core.a(CDC.cpp.o)
 .text._ZN7Serial_12getShortNameEPc
                0x000025f0       0x44 c:\Users\abaub\Documents\Arduino\generated_examples\BlinkSerial\build/core\core.a(CDC.cpp.o)
                0x000025f0                Serial_::getShortName(char*)
 .text._ZThn16_N7Serial_12getShortNameEPc
                0x00002634       0x10 c:\Users\abaub\Documents\Arduino\generated_examples\BlinkSerial\build/core\core.a(CDC.cpp.o)
                0x00002634                non-virtual thunk to Serial_::getShortName(char*)
 .text._ZN7Serial_14handleEndpointEi
                0x00002644        0x2 c:\Users\abaub\Documents\Arduino\generated_examples\BlinkSerial\build/core\core.a(CDC.cpp.o)
                0x00002644                Serial_::handleEndpoint(int)
 .text._ZN7Serial_17availableForWriteEv
                0x00002646        0x4 c:\Users\abaub\Documents\Arduino\generated_examples\BlinkSerial\build/core\core.a(CDC.cpp.o)
                0x00002646                Serial_::availableForWrite()
 .text._ZN7Serial_5writeEh
                0x0000264a       0x14 c:\Users\abaub\Documents\Arduino\generated_examples\BlinkSerial\build/core\core.a(CDC.cpp.o)
                0x0000264a                Serial_::write(unsigned char)
 *fill*         0x0000265e        0x2 
 .text._ZN7Serial_12getInterfaceEPh
                0x00002660      0x11c c:\Users\abaub\Documents\Arduino\generated_examples\BlinkSerial\build/core\core.a(CDC.cpp.o)
                0x00002660                Serial_::getInterface(unsigned char*)
 .text._ZThn16_N7Serial_12getInterfaceEPh
                0x0000277c       0x10 c:\Users\abaub\Documents\Arduino\generated_examples\BlinkSerial\build/core\core.a(CDC.cpp.o)
                0x0000277c                non-virtual thunk to Serial_::getInterface(unsigned char*)
 .text._ZN7Serial_5setupER8USBSetup
                0x0000278c       0xa8 c:\Users\abaub\Documents\Arduino\generated_examples\BlinkSerial\build/core\core.a(CDC.cpp.o)
                0x0000278c                Serial_::setup(USBSetup&)
 .text._ZThn16_N7Serial_5setupER8USBSetup
                0x00002834       0x10 c:\Users\abaub\Documents\Arduino\generated_examples\BlinkSerial\build/core\core.a(CDC.cpp.o)
                0x00002834                non-virtual thunk to Serial_::setup(USBSetup&)
 .text._ZN7Serial_9availableEv
                0x00002844       0x20 c:\Users\abaub\Documents\Arduino\generated_examples\BlinkSerial\build/core\core.a(CDC.cpp.o)
                0x00002844                Serial_::available()
 .text._ZN7Serial_5flushEv
                0x00002864        0xe c:\Users\abaub\Documents\Arduino\generated_examples\BlinkSerial\build/core\core.a(CDC.cpp.o)
                0x00002864                Serial_::flush()
 .text._ZN7Serial_5clearEv
                0x00002872        0xe c:\Users\abaub\Documents\Arduino\generated_examples\BlinkSerial\build/core\core.a(CDC.cpp.o)
                0x00002872                Serial_::clear()
 .text._ZN7Serial_5writeEPKhj
                0x00002880       0x1e c:\Users\abaub\Documents\Arduino\generated_examples\BlinkSerial\build/core\core.a(CDC.cpp.o)
                0x00002880                Serial_::write(unsigned char const*, unsigned int)
 *fill*         0x0000289e        0x2 
 .text._ZN7Serial_4peekEv
                0x000028a0       0x1c c:\Users\abaub\Documents\Arduino\generated_examples\BlinkSerial\build/core\core.a(CDC.cpp.o)
                0x000028a0                Serial_::peek()
 .text._ZN7Serial_4readEv
                0x000028bc       0x24 c:\Users\abaub\Documents\Arduino\generated_examples\BlinkSerial\build/core\core.a(CDC.cpp.o)
                0x000028bc                Serial_::read()
 .text._ZThn16_N7Serial_14handleEndpointEi
                0x000028e0        0x2 c:\Users\abaub\Documents\Arduino\generated_examples\BlinkSerial\build/core\core.a(CDC.cpp.o)
                0x000028e0                non-virtual thunk to Serial_::handleEndpoint(int)
 .text._ZThn16_N7Serial_13getDescriptorER8USBSetup
                0x000028e2        0x4 c:\Users\abaub\Documents\Arduino\generated_examples\BlinkSerial\build/core\core.a(CDC.cpp.o)
                0x000028e2                non-virtual thunk to Serial_::getDescriptor(USBSetup&)
 .text.resetExternalChip
                0x000028e6        0x2 c:\Users\abaub\Documents\Arduino\generated_examples\BlinkSerial\build/core\core.a(CDC.cpp.o)
                0x000028e6                resetExternalChip
 .text._ZN7Serial_C2ER14USBDeviceClass
                0x000028e8       0x50 c:\Users\abaub\Documents\Arduino\generated_examples\BlinkSerial\build/core\core.a(CDC.cpp.o)
                0x000028e8                Serial_::Serial_(USBDeviceClass&)
                0x000028e8                Serial_::Serial_(USBDeviceClass&)
 .text._ZN7Serial_15enableInterruptEv
                0x00002938       0x30 c:\Users\abaub\Documents\Arduino\generated_examples\BlinkSerial\build/core\core.a(CDC.cpp.o)
                0x00002938                Serial_::enableInterrupt()
 .text._ZN7Serial_5beginEm
                0x00002968        0x2 c:\Users\abaub\Documents\Arduino\generated_examples\BlinkSerial\build/core\core.a(CDC.cpp.o)
                0x00002968                Serial_::begin(unsigned long)
 *fill*         0x0000296a        0x2 
 .text.startup._GLOBAL__sub_I__ZN7Serial_12getInterfaceEPh
                0x0000296c       0x14 c:\Users\abaub\Documents\Arduino\generated_examples\BlinkSerial\build/core\core.a(CDC.cpp.o)
 .text._ZN13PluggableUSB_12getInterfaceEPh
                0x00002980       0x28 c:\Users\abaub\Documents\Arduino\generated_examples\BlinkSerial\build/core\core.a(PluggableUSB.cpp.o)
                0x00002980                PluggableUSB_::getInterface(unsigned char*)
 .text._ZN13PluggableUSB_13getDescriptorER8USBSetup
                0x000029a8       0x20 c:\Users\abaub\Documents\Arduino\generated_examples\BlinkSerial\build/core\core.a(PluggableUSB.cpp.o)
                0x000029a8                PluggableUSB_::getDescriptor(USBSetup&)
 .text._ZN13PluggableUSB_12getShortNameEPc
                0x000029c8       0x26 c:\Users\abaub\Documents\Arduino\generated_examples\BlinkSerial\build/core\core.a(PluggableUSB.cpp.o)
                0x000029c8                PluggableUSB_::getShortName(char*)
 .text._ZN13PluggableUSB_5setupER8USBSetup
                0x000029ee       0x20 c:\Users\abaub\Documents\Arduino\generated_examples\BlinkSerial\build/core\core.a(PluggableUSB.cpp.o)
                0x000029ee                PluggableUSB_::setup(USBSetup&)
 .text._ZN13PluggableUSB_14handleEndpointEi
                0x00002a0e       0x1a c:\Users\abaub\Documents\Arduino\generated_examples\BlinkSerial\build/core\core.a(PluggableUSB.cpp.o)
                0x00002a0e                PluggableUSB_::handleEndpoint(int)
 .text._ZN13PluggableUSB_4plugEP18PluggableUSBModule
                0x00002a28       0x58 c:\Users\abaub\Documents\Arduino\generated_examples\BlinkSerial\build/core\core.a(PluggableUSB.cpp.o)
                0x00002a28                PluggableUSB_::plug(PluggableUSBModule*)
 .text._Z12PluggableUSBv
                0x00002a80       0x24 c:\Users\abaub\Documents\Arduino\generated_examples\BlinkSerial\build/core\core.a(PluggableUSB.cpp.o)
                0x00002a80                PluggableUSB()
 .text._ZN26DoubleBufferedEPOutHandlerD2Ev
                0x00002aa4        0x2 c:\Users\abaub\Documents\Arduino\generated_examples\BlinkSerial\build/core\core.a(USBCore.cpp.o)
                0x00002aa4                DoubleBufferedEPOutHandler::~DoubleBufferedEPOutHandler()
                0x00002aa4                DoubleBufferedEPOutHandler::~DoubleBufferedEPOutHandler()
 .text._ZN26DoubleBufferedEPOutHandlerD0Ev
                0x00002aa6        0xc c:\Users\abaub\Documents\Arduino\generated_examples\BlinkSerial\build/core\core.a(USBCore.cpp.o)
                0x00002aa6                DoubleBufferedEPOutHandler::~DoubleBufferedEPOutHandler()
 *fill*         0x00002ab2        0x2 
 .text._ZN14USBDeviceClass6initEPEmm.part.7
                0x00002ab4       0xc4 c:\Users\abaub\Documents\Arduino\generated_examples\BlinkSerial\build/core\core.a(USBCore.cpp.o)
 .text._ZN7__GuardC2Ev
                0x00002b78        0xe c:\Users\abaub\Documents\Arduino\generated_examples\BlinkSerial\build/core\core.a(USBCore.cpp.o)
                0x00002b78                __Guard::__Guard()
                0x00002b78                __Guard::__Guard()
 .text._ZN7__GuardD2Ev
                0x00002b86        0xe c:\Users\abaub\Documents\Arduino\generated_examples\BlinkSerial\build/core\core.a(USBCore.cpp.o)
                0x00002b86                __Guard::~__Guard()
                0x00002b86                __Guard::~__Guard()
 .text._ZNK26DoubleBufferedEPOutHandler10_availableEv
                0x00002b94       0x70 c:\Users\abaub\Documents\Arduino\generated_examples\BlinkSerial\build/core\core.a(USBCore.cpp.o)
                0x00002b94                DoubleBufferedEPOutHandler::_available() const
 .text._ZN26DoubleBufferedEPOutHandler7releaseEv
                0x00002c04       0x3c c:\Users\abaub\Documents\Arduino\generated_examples\BlinkSerial\build/core\core.a(USBCore.cpp.o)
                0x00002c04                DoubleBufferedEPOutHandler::release()
 .text._ZN26DoubleBufferedEPOutHandler14handleEndpointEv
                0x00002c40       0xea c:\Users\abaub\Documents\Arduino\generated_examples\BlinkSerial\build/core\core.a(USBCore.cpp.o)
                0x00002c40                DoubleBufferedEPOutHandler::handleEndpoint()
 .text._ZN26DoubleBufferedEPOutHandler5_recvEv
                0x00002d2a      0x198 c:\Users\abaub\Documents\Arduino\generated_examples\BlinkSerial\build/core\core.a(USBCore.cpp.o)
                0x00002d2a                DoubleBufferedEPOutHandler::_recv()
 .text._ZN26DoubleBufferedEPOutHandler4peekEv
                0x00002ec2       0x22 c:\Users\abaub\Documents\Arduino\generated_examples\BlinkSerial\build/core\core.a(USBCore.cpp.o)
                0x00002ec2                DoubleBufferedEPOutHandler::peek()
 .text._ZN26DoubleBufferedEPOutHandler9availableEv
                0x00002ee4       0x18 c:\Users\abaub\Documents\Arduino\generated_examples\BlinkSerial\build/core\core.a(USBCore.cpp.o)
                0x00002ee4                DoubleBufferedEPOutHandler::available()
 .text._ZN26DoubleBufferedEPOutHandler4recvEPvm
                0x00002efc       0x72 c:\Users\abaub\Documents\Arduino\generated_examples\BlinkSerial\build/core\core.a(USBCore.cpp.o)
                0x00002efc                DoubleBufferedEPOutHandler::recv(void*, unsigned long)
 .text._ZN14USBDeviceClass14SendInterfacesEPm
                0x00002f6e       0x20 c:\Users\abaub\Documents\Arduino\generated_examples\BlinkSerial\build/core\core.a(USBCore.cpp.o)
                0x00002f6e                USBDeviceClass::SendInterfaces(unsigned long*)
 *fill*         0x00002f8e        0x2 
 .text._ZN14USBDeviceClass4initEv
                0x00002f90      0x144 c:\Users\abaub\Documents\Arduino\generated_examples\BlinkSerial\build/core\core.a(USBCore.cpp.o)
                0x00002f90                USBDeviceClass::init()
 .text._ZN14USBDeviceClass6attachEv
                0x000030d4       0x34 c:\Users\abaub\Documents\Arduino\generated_examples\BlinkSerial\build/core\core.a(USBCore.cpp.o)
                0x000030d4                USBDeviceClass::attach()
 .text._ZN14USBDeviceClass10setAddressEm
                0x00003108       0x48 c:\Users\abaub\Documents\Arduino\generated_examples\BlinkSerial\build/core\core.a(USBCore.cpp.o)
                0x00003108                USBDeviceClass::setAddress(unsigned long)
 .text._ZN14USBDeviceClass25handleClassInterfaceSetupER8USBSetup
                0x00003150       0x24 c:\Users\abaub\Documents\Arduino\generated_examples\BlinkSerial\build/core\core.a(USBCore.cpp.o)
                0x00003150                USBDeviceClass::handleClassInterfaceSetup(USBSetup&)
 .text._ZN14USBDeviceClass6initEPEmm
                0x00003174      0x120 c:\Users\abaub\Documents\Arduino\generated_examples\BlinkSerial\build/core\core.a(USBCore.cpp.o)
                0x00003174                USBDeviceClass::initEP(unsigned long, unsigned long)
 .text._ZN14USBDeviceClass13initEndpointsEv
                0x00003294       0x24 c:\Users\abaub\Documents\Arduino\generated_examples\BlinkSerial\build/core\core.a(USBCore.cpp.o)
                0x00003294                USBDeviceClass::initEndpoints()
 .text._ZN14USBDeviceClass5clearEm
                0x000032b8       0x38 c:\Users\abaub\Documents\Arduino\generated_examples\BlinkSerial\build/core\core.a(USBCore.cpp.o)
                0x000032b8                USBDeviceClass::clear(unsigned long)
 .text._ZN14USBDeviceClass9availableEm
                0x000032f0       0x2c c:\Users\abaub\Documents\Arduino\generated_examples\BlinkSerial\build/core\core.a(USBCore.cpp.o)
                0x000032f0                USBDeviceClass::available(unsigned long)
 .text._ZN14USBDeviceClass5flushEm
                0x0000331c       0x2c c:\Users\abaub\Documents\Arduino\generated_examples\BlinkSerial\build/core\core.a(USBCore.cpp.o)
                0x0000331c                USBDeviceClass::flush(unsigned long)
 .text._ZN14USBDeviceClass4recvEmPvm
                0x00003348       0xc0 c:\Users\abaub\Documents\Arduino\generated_examples\BlinkSerial\build/core\core.a(USBCore.cpp.o)
                0x00003348                USBDeviceClass::recv(unsigned long, void*, unsigned long)
 .text._ZN14USBDeviceClass4recvEm
                0x00003408       0x1c c:\Users\abaub\Documents\Arduino\generated_examples\BlinkSerial\build/core\core.a(USBCore.cpp.o)
                0x00003408                USBDeviceClass::recv(unsigned long)
 .text._ZN14USBDeviceClass14armRecvCtrlOUTEm
                0x00003424       0x5c c:\Users\abaub\Documents\Arduino\generated_examples\BlinkSerial\build/core\core.a(USBCore.cpp.o)
                0x00003424                USBDeviceClass::armRecvCtrlOUT(unsigned long)
 .text._ZN14USBDeviceClass11recvControlEPvm
                0x00003480       0x28 c:\Users\abaub\Documents\Arduino\generated_examples\BlinkSerial\build/core\core.a(USBCore.cpp.o)
                0x00003480                USBDeviceClass::recvControl(void*, unsigned long)
 .text._ZN14USBDeviceClass4sendEmPKvm
                0x000034a8      0x10c c:\Users\abaub\Documents\Arduino\generated_examples\BlinkSerial\build/core\core.a(USBCore.cpp.o)
                0x000034a8                USBDeviceClass::send(unsigned long, void const*, unsigned long)
 .text._ZN14USBDeviceClass7armSendEmPKvm
                0x000035b4       0x48 c:\Users\abaub\Documents\Arduino\generated_examples\BlinkSerial\build/core\core.a(USBCore.cpp.o)
                0x000035b4                USBDeviceClass::armSend(unsigned long, void const*, unsigned long)
 .text._ZN14USBDeviceClass11sendControlEPKvm
                0x000035fc       0x54 c:\Users\abaub\Documents\Arduino\generated_examples\BlinkSerial\build/core\core.a(USBCore.cpp.o)
                0x000035fc                USBDeviceClass::sendControl(void const*, unsigned long)
 .text._ZN14USBDeviceClass20sendStringDescriptorEPKhm
                0x00003650       0x64 c:\Users\abaub\Documents\Arduino\generated_examples\BlinkSerial\build/core\core.a(USBCore.cpp.o)
                0x00003650                USBDeviceClass::sendStringDescriptor(unsigned char const*, unsigned long)
 .text._ZN14USBDeviceClass17sendConfigurationEm
                0x000036b4       0x80 c:\Users\abaub\Documents\Arduino\generated_examples\BlinkSerial\build/core\core.a(USBCore.cpp.o)
                0x000036b4                USBDeviceClass::sendConfiguration(unsigned long)
 .text._ZN14USBDeviceClass14sendDescriptorER8USBSetup
                0x00003734       0xe0 c:\Users\abaub\Documents\Arduino\generated_examples\BlinkSerial\build/core\core.a(USBCore.cpp.o)
                0x00003734                USBDeviceClass::sendDescriptor(USBSetup&)
 .text._ZN14USBDeviceClass7sendZlpEm
                0x00003814       0x18 c:\Users\abaub\Documents\Arduino\generated_examples\BlinkSerial\build/core\core.a(USBCore.cpp.o)
                0x00003814                USBDeviceClass::sendZlp(unsigned long)
 .text._ZN14USBDeviceClass19handleStandardSetupER8USBSetup
                0x0000382c       0xf0 c:\Users\abaub\Documents\Arduino\generated_examples\BlinkSerial\build/core\core.a(USBCore.cpp.o)
                0x0000382c                USBDeviceClass::handleStandardSetup(USBSetup&)
 .text._ZN14USBDeviceClass10ISRHandlerEv
                0x0000391c      0x108 c:\Users\abaub\Documents\Arduino\generated_examples\BlinkSerial\build/core\core.a(USBCore.cpp.o)
                0x0000391c                USBDeviceClass::ISRHandler()
 .text.UDD_Handler
                0x00003a24       0x10 c:\Users\abaub\Documents\Arduino\generated_examples\BlinkSerial\build/core\core.a(USBCore.cpp.o)
                0x00003a24                UDD_Handler
 .text.startup._GLOBAL__sub_I_usbd
                0x00003a34       0x10 c:\Users\abaub\Documents\Arduino\generated_examples\BlinkSerial\build/core\core.a(USBCore.cpp.o)
 .text._ZN4UartcvbEv
                0x00003a44        0x4 c:\Users\abaub\Documents\Arduino\generated_examples\BlinkSerial\build/core\core.a(Uart.cpp.o)
                0x00003a44                Uart::operator bool()
 .text._ZN4Uart5beginEm
                0x00003a48       0x10 c:\Users\abaub\Documents\Arduino\generated_examples\BlinkSerial\build/core\core.a(Uart.cpp.o)
                0x00003a48                Uart::begin(unsigned long)
 .text._ZN4Uart4peekEv
                0x00003a58       0x1a c:\Users\abaub\Documents\Arduino\generated_examples\BlinkSerial\build/core\core.a(Uart.cpp.o)
                0x00003a58                Uart::peek()
 .text._ZN4Uart3endEv
                0x00003a72       0x20 c:\Users\abaub\Documents\Arduino\generated_examples\BlinkSerial\build/core\core.a(Uart.cpp.o)
                0x00003a72                Uart::end()
 .text._ZN4Uart16extractNbStopBitEt
                0x00003a92        0xc c:\Users\abaub\Documents\Arduino\generated_examples\BlinkSerial\build/core\core.a(Uart.cpp.o)
                0x00003a92                Uart::extractNbStopBit(unsigned short)
 .text._ZN4Uart15extractCharSizeEt
                0x00003a9e       0x28 c:\Users\abaub\Documents\Arduino\generated_examples\BlinkSerial\build/core\core.a(Uart.cpp.o)
                0x00003a9e                Uart::extractCharSize(unsigned short)
 .text._ZN4Uart13extractParityEt
                0x00003ac6       0x14 c:\Users\abaub\Documents\Arduino\generated_examples\BlinkSerial\build/core\core.a(Uart.cpp.o)
                0x00003ac6                Uart::extractParity(unsigned short)
 *fill*         0x00003ada        0x2 
 .text._ZN4Uart5beginEmt
                0x00003adc       0xf8 c:\Users\abaub\Documents\Arduino\generated_examples\BlinkSerial\build/core\core.a(Uart.cpp.o)
                0x00003adc                Uart::begin(unsigned long, unsigned short)
 .text._ZN11RingBufferNILi256EEC2Ev
                0x00003bd4       0x1c c:\Users\abaub\Documents\Arduino\generated_examples\BlinkSerial\build/core\core.a(Uart.cpp.o)
                0x00003bd4                RingBufferN<256>::RingBufferN()
                0x00003bd4                RingBufferN<256>::RingBufferN()
 .text._ZN4UartC2EP6SERCOMhh11SercomRXPad15SercomUartTXPad
                0x00003bf0       0x74 c:\Users\abaub\Documents\Arduino\generated_examples\BlinkSerial\build/core\core.a(Uart.cpp.o)
                0x00003bf0                Uart::Uart(SERCOM*, unsigned char, unsigned char, SercomRXPad, SercomUartTXPad)
                0x00003bf0                Uart::Uart(SERCOM*, unsigned char, unsigned char, SercomRXPad, SercomUartTXPad)
 .text._ZN11RingBufferNILi256EE9availableEv
                0x00003c64       0x12 c:\Users\abaub\Documents\Arduino\generated_examples\BlinkSerial\build/core\core.a(Uart.cpp.o)
                0x00003c64                RingBufferN<256>::available()
 .text._ZN4Uart5flushEv
                0x00003c76       0x1a c:\Users\abaub\Documents\Arduino\generated_examples\BlinkSerial\build/core\core.a(Uart.cpp.o)
                0x00003c76                Uart::flush()
 .text._ZN4Uart9availableEv
                0x00003c90        0xa c:\Users\abaub\Documents\Arduino\generated_examples\BlinkSerial\build/core\core.a(Uart.cpp.o)
                0x00003c90                Uart::available()
 .text._ZN11RingBufferNILi256EE17availableForStoreEv
                0x00003c9a       0x20 c:\Users\abaub\Documents\Arduino\generated_examples\BlinkSerial\build/core\core.a(Uart.cpp.o)
                0x00003c9a                RingBufferN<256>::availableForStore()
 .text._ZN4Uart17availableForWriteEv
                0x00003cba        0xc c:\Users\abaub\Documents\Arduino\generated_examples\BlinkSerial\build/core\core.a(Uart.cpp.o)
                0x00003cba                Uart::availableForWrite()
 .text._ZN4Uart10IrqHandlerEv
                0x00003cc6       0xcc c:\Users\abaub\Documents\Arduino\generated_examples\BlinkSerial\build/core\core.a(Uart.cpp.o)
                0x00003cc6                Uart::IrqHandler()
 *fill*         0x00003d92        0x2 
 .text._ZN4Uart5writeEh
                0x00003d94       0xb4 c:\Users\abaub\Documents\Arduino\generated_examples\BlinkSerial\build/core\core.a(Uart.cpp.o)
                0x00003d94                Uart::write(unsigned char)
 .text._ZN4Uart4readEv
                0x00003e48       0x4c c:\Users\abaub\Documents\Arduino\generated_examples\BlinkSerial\build/core\core.a(Uart.cpp.o)
                0x00003e48                Uart::read()
 .text._ZN6StringD2Ev
                0x00003e94        0xe c:\Users\abaub\Documents\Arduino\generated_examples\BlinkSerial\build/core\core.a(WString.cpp.o)
                0x00003e94                String::~String()
                0x00003e94                String::~String()
 .text._ZN6String10invalidateEv
                0x00003ea2       0x18 c:\Users\abaub\Documents\Arduino\generated_examples\BlinkSerial\build/core\core.a(WString.cpp.o)
                0x00003ea2                String::invalidate()
 .text._ZN6String12changeBufferEj
                0x00003eba       0x18 c:\Users\abaub\Documents\Arduino\generated_examples\BlinkSerial\build/core\core.a(WString.cpp.o)
                0x00003eba                String::changeBuffer(unsigned int)
 .text._ZN6String7reserveEj
                0x00003ed2       0x2a c:\Users\abaub\Documents\Arduino\generated_examples\BlinkSerial\build/core\core.a(WString.cpp.o)
                0x00003ed2                String::reserve(unsigned int)
 .text._ZN6String4copyEPKcj
                0x00003efc       0x28 c:\Users\abaub\Documents\Arduino\generated_examples\BlinkSerial\build/core\core.a(WString.cpp.o)
                0x00003efc                String::copy(char const*, unsigned int)
 .text._ZN6StringC2EPKc
                0x00003f24       0x26 c:\Users\abaub\Documents\Arduino\generated_examples\BlinkSerial\build/core\core.a(WString.cpp.o)
                0x00003f24                String::String(char const*)
                0x00003f24                String::String(char const*)
 .text._ZN6String4moveERS_
                0x00003f4a       0x40 c:\Users\abaub\Documents\Arduino\generated_examples\BlinkSerial\build/core\core.a(WString.cpp.o)
                0x00003f4a                String::move(String&)
 .text._ZN6StringaSEOS_
                0x00003f8a       0x10 c:\Users\abaub\Documents\Arduino\generated_examples\BlinkSerial\build/core\core.a(WString.cpp.o)
                0x00003f8a                String::operator=(String&&)
 .text._ZN6String6concatEPKcj
                0x00003f9a       0x32 c:\Users\abaub\Documents\Arduino\generated_examples\BlinkSerial\build/core\core.a(WString.cpp.o)
                0x00003f9a                String::concat(char const*, unsigned int)
 .text._ZN6String6concatEc
                0x00003fcc       0x14 c:\Users\abaub\Documents\Arduino\generated_examples\BlinkSerial\build/core\core.a(WString.cpp.o)
                0x00003fcc                String::concat(char)
 .text._ZNK6String6equalsEPKc
                0x00003fe0       0x28 c:\Users\abaub\Documents\Arduino\generated_examples\BlinkSerial\build/core\core.a(WString.cpp.o)
                0x00003fe0                String::equals(char const*) const
 .text._ZNK6String7indexOfERKS_j
                0x00004008       0x20 c:\Users\abaub\Documents\Arduino\generated_examples\BlinkSerial\build/core\core.a(WString.cpp.o)
                0x00004008                String::indexOf(String const&, unsigned int) const
 .text._ZNK6String7indexOfERKS_
                0x00004028        0xa c:\Users\abaub\Documents\Arduino\generated_examples\BlinkSerial\build/core\core.a(WString.cpp.o)
                0x00004028                String::indexOf(String const&) const
 .text.Dummy_Handler
                0x00004032        0x2 c:\Users\abaub\Documents\Arduino\generated_examples\BlinkSerial\build/core\core.a(cortex_handlers.c.o)
                0x00004032                DMAC_Handler
                0x00004032                HardFault_Handler
                0x00004032                AC_Handler
                0x00004032                PendSV_Handler
                0x00004032                NMI_Handler
                0x00004032                TC7_Handler
                0x00004032                SERCOM1_Handler
                0x00004032                ADC_Handler
                0x00004032                TCC1_Handler
                0x00004032                SERCOM2_Handler
                0x00004032                TCC0_Handler
                0x00004032                RTC_Handler
                0x00004032                EIC_Handler
                0x00004032                TC6_Handler
                0x00004032                WDT_Handler
                0x00004032                TC4_Handler
                0x00004032                TC3_Handler
                0x00004032                Dummy_Handler
                0x00004032                PM_Handler
                0x00004032                SVC_Handler
                0x00004032                TCC2_Handler
                0x00004032                EVSYS_Handler
                0x00004032                SERCOM3_Handler
                0x00004032                SERCOM4_Handler
                0x00004032                I2S_Handler
                0x00004032                NVMCTRL_Handler
                0x00004032                SERCOM0_Handler
                0x00004032                DAC_Handler
                0x00004032                PTC_Handler
                0x00004032                SYSCTRL_Handler
 .text.USB_Handler
                0x00004034       0x14 c:\Users\abaub\Documents\Arduino\generated_examples\BlinkSerial\build/core\core.a(cortex_handlers.c.o)
                0x00004034                USB_Handler
 .text.Reset_Handler
                0x00004048       0x54 c:\Users\abaub\Documents\Arduino\generated_examples\BlinkSerial\build/core\core.a(cortex_handlers.c.o)
                0x00004048                Reset_Handler
 .text.SysTick_Handler
                0x0000409c       0x10 c:\Users\abaub\Documents\Arduino\generated_examples\BlinkSerial\build/core\core.a(cortex_handlers.c.o)
                0x0000409c                SysTick_Handler
 .text.USB_SetHandler
                0x000040ac        0xc c:\Users\abaub\Documents\Arduino\generated_examples\BlinkSerial\build/core\core.a(cortex_handlers.c.o)
                0x000040ac                USB_SetHandler
 .text.millis   0x000040b8        0xc c:\Users\abaub\Documents\Arduino\generated_examples\BlinkSerial\build/core\core.a(delay.c.o)
                0x000040b8                millis
 .text.micros   0x000040c4       0x60 c:\Users\abaub\Documents\Arduino\generated_examples\BlinkSerial\build/core\core.a(delay.c.o)
                0x000040c4                micros
 .text.delay    0x00004124       0x30 c:\Users\abaub\Documents\Arduino\generated_examples\BlinkSerial\build/core\core.a(delay.c.o)
                0x00004124                delay
 .text.SysTick_DefaultHandler
                0x00004154       0x14 c:\Users\abaub\Documents\Arduino\generated_examples\BlinkSerial\build/core\core.a(delay.c.o)
                0x00004154                SysTick_DefaultHandler
 .text.__empty  0x00004168        0x2 c:\Users\abaub\Documents\Arduino\generated_examples\BlinkSerial\build/core\core.a(hooks.c.o)
                0x00004168                yield
 .text.__false  0x0000416a        0x4 c:\Users\abaub\Documents\Arduino\generated_examples\BlinkSerial\build/core\core.a(hooks.c.o)
                0x0000416a                sysTickHook
 .text._Z11initVariantv
                0x0000416e        0x2 c:\Users\abaub\Documents\Arduino\generated_examples\BlinkSerial\build/core\core.a(main.cpp.o)
                0x0000416e                initVariant()
 .text.startup.main
                0x00004170       0x40 c:\Users\abaub\Documents\Arduino\generated_examples\BlinkSerial\build/core\core.a(main.cpp.o)
                0x00004170                main
 .text._Znwj    0x000041b0        0x8 c:\Users\abaub\Documents\Arduino\generated_examples\BlinkSerial\build/core\core.a(new.cpp.o)
                0x000041b0                operator new(unsigned int)
 .text._ZdlPv   0x000041b8        0x8 c:\Users\abaub\Documents\Arduino\generated_examples\BlinkSerial\build/core\core.a(new.cpp.o)
                0x000041b8                operator delete(void*)
 .text.SystemInit
                0x000041c0      0x160 c:\Users\abaub\Documents\Arduino\generated_examples\BlinkSerial\build/core\core.a(startup.c.o)
                0x000041c0                SystemInit
 .text.init     0x00004320       0xf0 c:\Users\abaub\Documents\Arduino\generated_examples\BlinkSerial\build/core\core.a(wiring.c.o)
                0x00004320                init
 .text.analogReference
                0x00004410       0x64 c:\Users\abaub\Documents\Arduino\generated_examples\BlinkSerial\build/core\core.a(wiring_analog.c.o)
                0x00004410                analogReference
 .text.pinMode  0x00004474       0x98 c:\Users\abaub\Documents\Arduino\generated_examples\BlinkSerial\build/core\core.a(wiring_digital.c.o)
                0x00004474                pinMode
 .text.digitalWrite
                0x0000450c       0x58 c:\Users\abaub\Documents\Arduino\generated_examples\BlinkSerial\build/core\core.a(wiring_digital.c.o)
                0x0000450c                digitalWrite
 .text.pinPeripheral
                0x00004564       0xc0 c:\Users\abaub\Documents\Arduino\generated_examples\BlinkSerial\build/core\core.a(wiring_private.c.o)
                0x00004564                pinPeripheral
 .text.initiateReset
                0x00004624       0x14 c:\Users\abaub\Documents\Arduino\generated_examples\BlinkSerial\build/core\core.a(Reset.cpp.o)
                0x00004624                initiateReset
 .text.cancelReset
                0x00004638       0x10 c:\Users\abaub\Documents\Arduino\generated_examples\BlinkSerial\build/core\core.a(Reset.cpp.o)
                0x00004638                cancelReset
 .text.tickReset
                0x00004648       0x78 c:\Users\abaub\Documents\Arduino\generated_examples\BlinkSerial\build/core\core.a(Reset.cpp.o)
                0x00004648                tickReset
 .text.__aeabi_atexit
                0x000046c0        0xe c:/users/abaub/appdata/local/arduino15/packages/arduino/tools/arm-none-eabi-gcc/7-2017q4/bin/../lib/gcc/arm-none-eabi/7.2.1/../../../../arm-none-eabi/lib/thumb/v6-m\libstdc++_nano.a(atexit_arm.o)
                0x000046c0                __aeabi_atexit
 *fill*         0x000046ce        0x2 
 .text          0x000046d0       0x14 c:/users/abaub/appdata/local/arduino15/packages/arduino/tools/arm-none-eabi-gcc/7-2017q4/bin/../lib/gcc/arm-none-eabi/7.2.1/thumb/v6-m\libgcc.a(_thumb1_case_uqi.o)
                0x000046d0                __gnu_thumb1_case_uqi
 .text          0x000046e4      0x114 c:/users/abaub/appdata/local/arduino15/packages/arduino/tools/arm-none-eabi-gcc/7-2017q4/bin/../lib/gcc/arm-none-eabi/7.2.1/thumb/v6-m\libgcc.a(_udivsi3.o)
                0x000046e4                __aeabi_uidiv
                0x000046e4                __udivsi3
                0x000047f0                __aeabi_uidivmod
 .text          0x000047f8        0x4 c:/users/abaub/appdata/local/arduino15/packages/arduino/tools/arm-none-eabi-gcc/7-2017q4/bin/../lib/gcc/arm-none-eabi/7.2.1/thumb/v6-m\libgcc.a(_dvmd_tls.o)
                0x000047f8                __aeabi_idiv0
                0x000047f8                __aeabi_ldiv0
 .text.__cxa_atexit
                0x000047fc       0x1c c:/users/abaub/appdata/local/arduino15/packages/arduino/tools/arm-none-eabi-gcc/7-2017q4/bin/../lib/gcc/arm-none-eabi/7.2.1/../../../../arm-none-eabi/lib/thumb/v6-m\libc_nano.a(lib_a-cxa_atexit.o)
                0x000047fc                __cxa_atexit
 .text.__libc_init_array
                0x00004818       0x48 c:/users/abaub/appdata/local/arduino15/packages/arduino/tools/arm-none-eabi-gcc/7-2017q4/bin/../lib/gcc/arm-none-eabi/7.2.1/../../../../arm-none-eabi/lib/thumb/v6-m\libc_nano.a(lib_a-init.o)
                0x00004818                __libc_init_array
 .text.malloc   0x00004860       0x14 c:/users/abaub/appdata/local/arduino15/packages/arduino/tools/arm-none-eabi-gcc/7-2017q4/bin/../lib/gcc/arm-none-eabi/7.2.1/../../../../arm-none-eabi/lib/thumb/v6-m\libc_nano.a(lib_a-malloc.o)
                0x00004860                malloc
 .text.free     0x00004874       0x14 c:/users/abaub/appdata/local/arduino15/packages/arduino/tools/arm-none-eabi-gcc/7-2017q4/bin/../lib/gcc/arm-none-eabi/7.2.1/../../../../arm-none-eabi/lib/thumb/v6-m\libc_nano.a(lib_a-malloc.o)
                0x00004874                free
 .text.memcpy   0x00004888       0x12 c:/users/abaub/appdata/local/arduino15/packages/arduino/tools/arm-none-eabi-gcc/7-2017q4/bin/../lib/gcc/arm-none-eabi/7.2.1/../../../../arm-none-eabi/lib/thumb/v6-m\libc_nano.a(lib_a-memcpy-stub.o)
                0x00004888                memcpy
 .text.memset   0x0000489a       0x10 c:/users/abaub/appdata/local/arduino15/packages/arduino/tools/arm-none-eabi-gcc/7-2017q4/bin/../lib/gcc/arm-none-eabi/7.2.1/../../../../arm-none-eabi/lib/thumb/v6-m\libc_nano.a(lib_a-memset.o)
                0x0000489a                memset
 *fill*         0x000048aa        0x2 
 .text._free_r  0x000048ac       0x94 c:/users/abaub/appdata/local/arduino15/packages/arduino/tools/arm-none-eabi-gcc/7-2017q4/bin/../lib/gcc/arm-none-eabi/7.2.1/../../../../arm-none-eabi/lib/thumb/v6-m\libc_nano.a(lib_a-nano-freer.o)
                0x000048ac                _free_r
 .text._malloc_r
                0x00004940       0xbc c:/users/abaub/appdata/local/arduino15/packages/arduino/tools/arm-none-eabi-gcc/7-2017q4/bin/../lib/gcc/arm-none-eabi/7.2.1/../../../../arm-none-eabi/lib/thumb/v6-m\libc_nano.a(lib_a-nano-mallocr.o)
                0x00004940                _malloc_r
 .text.realloc  0x000049fc       0x14 c:/users/abaub/appdata/local/arduino15/packages/arduino/tools/arm-none-eabi-gcc/7-2017q4/bin/../lib/gcc/arm-none-eabi/7.2.1/../../../../arm-none-eabi/lib/thumb/v6-m\libc_nano.a(lib_a-realloc.o)
                0x000049fc                realloc
 .text._sbrk_r  0x00004a10       0x24 c:/users/abaub/appdata/local/arduino15/packages/arduino/tools/arm-none-eabi-gcc/7-2017q4/bin/../lib/gcc/arm-none-eabi/7.2.1/../../../../arm-none-eabi/lib/thumb/v6-m\libc_nano.a(lib_a-sbrkr.o)
                0x00004a10                _sbrk_r
 .text          0x00004a34       0x14 c:/users/abaub/appdata/local/arduino15/packages/arduino/tools/arm-none-eabi-gcc/7-2017q4/bin/../lib/gcc/arm-none-eabi/7.2.1/../../../../arm-none-eabi/lib/thumb/v6-m\libc_nano.a(lib_a-strcmp.o)
                0x00004a34                strcmp
 .text.strcpy   0x00004a48       0x10 c:/users/abaub/appdata/local/arduino15/packages/arduino/tools/arm-none-eabi-gcc/7-2017q4/bin/../lib/gcc/arm-none-eabi/7.2.1/../../../../arm-none-eabi/lib/thumb/v6-m\libc_nano.a(lib_a-strcpy.o)
                0x00004a48                strcpy
 .text          0x00004a58        0xe c:/users/abaub/appdata/local/arduino15/packages/arduino/tools/arm-none-eabi-gcc/7-2017q4/bin/../lib/gcc/arm-none-eabi/7.2.1/../../../../arm-none-eabi/lib/thumb/v6-m\libc_nano.a(lib_a-strlen.o)
                0x00004a58                strlen
 .text.strstr   0x00004a66       0x32 c:/users/abaub/appdata/local/arduino15/packages/arduino/tools/arm-none-eabi-gcc/7-2017q4/bin/../lib/gcc/arm-none-eabi/7.2.1/../../../../arm-none-eabi/lib/thumb/v6-m\libc_nano.a(lib_a-strstr.o)
                0x00004a66                strstr
 .text.__malloc_lock
                0x00004a98        0x2 c:/users/abaub/appdata/local/arduino15/packages/arduino/tools/arm-none-eabi-gcc/7-2017q4/bin/../lib/gcc/arm-none-eabi/7.2.1/../../../../arm-none-eabi/lib/thumb/v6-m\libc_nano.a(lib_a-mlock.o)
                0x00004a98                __malloc_lock
 .text.__malloc_unlock
                0x00004a9a        0x2 c:/users/abaub/appdata/local/arduino15/packages/arduino/tools/arm-none-eabi-gcc/7-2017q4/bin/../lib/gcc/arm-none-eabi/7.2.1/../../../../arm-none-eabi/lib/thumb/v6-m\libc_nano.a(lib_a-mlock.o)
                0x00004a9a                __malloc_unlock
 .text._realloc_r
                0x00004a9c       0x4c c:/users/abaub/appdata/local/arduino15/packages/arduino/tools/arm-none-eabi-gcc/7-2017q4/bin/../lib/gcc/arm-none-eabi/7.2.1/../../../../arm-none-eabi/lib/thumb/v6-m\libc_nano.a(lib_a-nano-reallocr.o)
                0x00004a9c                _realloc_r
 .text._malloc_usable_size_r
                0x00004ae8       0x10 c:/users/abaub/appdata/local/arduino15/packages/arduino/tools/arm-none-eabi-gcc/7-2017q4/bin/../lib/gcc/arm-none-eabi/7.2.1/../../../../arm-none-eabi/lib/thumb/v6-m\libc_nano.a(lib_a-nano-msizer.o)
                0x00004ae8                _malloc_usable_size_r
 .text._sbrk    0x00004af8       0x1c c:/users/abaub/appdata/local/arduino15/packages/arduino/tools/arm-none-eabi-gcc/7-2017q4/bin/../lib/gcc/arm-none-eabi/7.2.1/../../../../arm-none-eabi/lib/thumb/v6-m\libnosys.a(sbrk.o)
                0x00004af8                _sbrk
 *(.init)
 .init          0x00004b14        0x4 c:/users/abaub/appdata/local/arduino15/packages/arduino/tools/arm-none-eabi-gcc/7-2017q4/bin/../lib/gcc/arm-none-eabi/7.2.1/thumb/v6-m/crti.o
                0x00004b14                _init
 .init          0x00004b18        0x8 c:/users/abaub/appdata/local/arduino15/packages/arduino/tools/arm-none-eabi-gcc/7-2017q4/bin/../lib/gcc/arm-none-eabi/7.2.1/thumb/v6-m/crtn.o
 *(.fini)
 .fini          0x00004b20        0x4 c:/users/abaub/appdata/local/arduino15/packages/arduino/tools/arm-none-eabi-gcc/7-2017q4/bin/../lib/gcc/arm-none-eabi/7.2.1/thumb/v6-m/crti.o
                0x00004b20                _fini
 .fini          0x00004b24        0x8 c:/users/abaub/appdata/local/arduino15/packages/arduino/tools/arm-none-eabi-gcc/7-2017q4/bin/../lib/gcc/arm-none-eabi/7.2.1/thumb/v6-m/crtn.o
 *crtbegin.o(.ctors)
 *crtbegin?.o(.ctors)
 *(EXCLUDE_FILE(*crtend.o *crtend?.o) .ctors)
 *(SORT_BY_NAME(.ctors.*))
 *(.ctors)
 *crtbegin.o(.dtors)
 *crtbegin?.o(.dtors)
 *(EXCLUDE_FILE(*crtend.o *crtend?.o) .dtors)
 *(SORT_BY_NAME(.dtors.*))
 *(.dtors)
 *(.rodata*)
 .rodata.loop.str1.1
                0x00004b2c       0x2e c:\Users\abaub\Documents\Arduino\generated_examples\BlinkSerial\build\sketch\BlinkSerial.ino.cpp.o
                                 0x36 (size before relaxing)
 .rodata.setup.str1.1
                0x00004b5a        0x6 c:\Users\abaub\Documents\Arduino\generated_examples\BlinkSerial\build\sketch\BlinkSerial.ino.cpp.o
 .rodata.g_APinDescription
                0x00004b60      0x360 c:\Users\abaub\Documents\Arduino\generated_examples\BlinkSerial\build\core\variant.cpp.o
                0x00004b60                g_APinDescription
 .rodata._ZN5Print7printlnEv.str1.1
                0x00004ec0        0x3 c:\Users\abaub\Documents\Arduino\generated_examples\BlinkSerial\build/core\core.a(Print.cpp.o)
 .rodata._ZN6Stream10readStringEv.str1.1
                0x00004ec3        0x1 c:\Users\abaub\Documents\Arduino\generated_examples\BlinkSerial\build/core\core.a(Stream.cpp.o)
 *fill*         0x00004ec3        0x1 
 .rodata._ZTV7Serial_
                0x00004ec4       0x58 c:\Users\abaub\Documents\Arduino\generated_examples\BlinkSerial\build/core\core.a(CDC.cpp.o)
                0x00004ec4                vtable for Serial_
 .rodata._ZTV26DoubleBufferedEPOutHandler
                0x00004f1c       0x24 c:\Users\abaub\Documents\Arduino\generated_examples\BlinkSerial\build/core\core.a(USBCore.cpp.o)
                0x00004f1c                vtable for DoubleBufferedEPOutHandler
 .rodata._ZL14STRING_PRODUCT
                0x00004f40       0x10 c:\Users\abaub\Documents\Arduino\generated_examples\BlinkSerial\build/core\core.a(USBCore.cpp.o)
 .rodata._ZL15STRING_LANGUAGE
                0x00004f50        0x4 c:\Users\abaub\Documents\Arduino\generated_examples\BlinkSerial\build/core\core.a(USBCore.cpp.o)
 .rodata._ZL19STRING_MANUFACTURER
                0x00004f54        0xc c:\Users\abaub\Documents\Arduino\generated_examples\BlinkSerial\build/core\core.a(USBCore.cpp.o)
 .rodata._ZL21USB_DeviceDescriptorB
                0x00004f60       0x12 c:\Users\abaub\Documents\Arduino\generated_examples\BlinkSerial\build/core\core.a(USBCore.cpp.o)
 *fill*         0x00004f72        0x2 
 .rodata._ZTV4Uart
                0x00004f74       0x34 c:\Users\abaub\Documents\Arduino\generated_examples\BlinkSerial\build/core\core.a(Uart.cpp.o)
                0x00004f74                vtable for Uart
 *(.eh_frame*)
 .eh_frame      0x00004fa8        0x0 c:/users/abaub/appdata/local/arduino15/packages/arduino/tools/arm-none-eabi-gcc/7-2017q4/bin/../lib/gcc/arm-none-eabi/7.2.1/thumb/v6-m/crtbegin.o
 .eh_frame      0x00004fa8        0x4 c:/users/abaub/appdata/local/arduino15/packages/arduino/tools/arm-none-eabi-gcc/7-2017q4/bin/../lib/gcc/arm-none-eabi/7.2.1/thumb/v6-m/crtend.o

.glue_7         0x00004fac        0x0
 .glue_7        0x00004fac        0x0 linker stubs

.glue_7t        0x00004fac        0x0
 .glue_7t       0x00004fac        0x0 linker stubs

.vfp11_veneer   0x00004fac        0x0
 .vfp11_veneer  0x00004fac        0x0 linker stubs

.v4_bx          0x00004fac        0x0
 .v4_bx         0x00004fac        0x0 linker stubs

.iplt           0x00004fac        0x0
 .iplt          0x00004fac        0x0 c:/users/abaub/appdata/local/arduino15/packages/arduino/tools/arm-none-eabi-gcc/7-2017q4/bin/../lib/gcc/arm-none-eabi/7.2.1/thumb/v6-m/crtbegin.o

.rel.dyn        0x00004fac        0x0
 .rel.iplt      0x00004fac        0x0 c:/users/abaub/appdata/local/arduino15/packages/arduino/tools/arm-none-eabi-gcc/7-2017q4/bin/../lib/gcc/arm-none-eabi/7.2.1/thumb/v6-m/crtbegin.o

.ARM.extab
 *(.ARM.extab* .gnu.linkonce.armextab.*)
                0x00004fac                __exidx_start = .

.ARM.exidx
 *(.ARM.exidx* .gnu.linkonce.armexidx.*)
                0x00004fac                __exidx_end = .
                0x00004fac                __etext = .

.data           0x20000000       0xa0 load address 0x00004fac
                0x20000000                __data_start__ = .
 *(vtable)
 *(.data*)
 .data          0x20000000        0x4 c:/users/abaub/appdata/local/arduino15/packages/arduino/tools/arm-none-eabi-gcc/7-2017q4/bin/../lib/gcc/arm-none-eabi/7.2.1/thumb/v6-m/crtbegin.o
                0x20000000                __dso_handle
 .data.LED      0x20000004        0x1 c:\Users\abaub\Documents\Arduino\generated_examples\BlinkSerial\build\sketch\BlinkSerial.ino.cpp.o
                0x20000004                LED
 *fill*         0x20000005        0x3 
 .data._ZL10breakValue
                0x20000008        0x4 c:\Users\abaub\Documents\Arduino\generated_examples\BlinkSerial\build/core\core.a(CDC.cpp.o)
 .data._ZL12_usbLineInfo
                0x2000000c        0x8 c:\Users\abaub\Documents\Arduino\generated_examples\BlinkSerial\build/core\core.a(CDC.cpp.o)
 .data._serialPeek
                0x20000014        0x4 c:\Users\abaub\Documents\Arduino\generated_examples\BlinkSerial\build/core\core.a(CDC.cpp.o)
                0x20000014                _serialPeek
 .data.SystemCoreClock
                0x20000018        0x4 c:\Users\abaub\Documents\Arduino\generated_examples\BlinkSerial\build/core\core.a(wiring.c.o)
                0x20000018                SystemCoreClock
 .data._ZL5ticks
                0x2000001c        0x4 c:\Users\abaub\Documents\Arduino\generated_examples\BlinkSerial\build/core\core.a(Reset.cpp.o)
 .data._impure_ptr
                0x20000020        0x4 c:/users/abaub/appdata/local/arduino15/packages/arduino/tools/arm-none-eabi-gcc/7-2017q4/bin/../lib/gcc/arm-none-eabi/7.2.1/../../../../arm-none-eabi/lib/thumb/v6-m\libc_nano.a(lib_a-impure.o)
                0x20000020                _impure_ptr
 .data.impure_data
                0x20000024       0x60 c:/users/abaub/appdata/local/arduino15/packages/arduino/tools/arm-none-eabi-gcc/7-2017q4/bin/../lib/gcc/arm-none-eabi/7.2.1/../../../../arm-none-eabi/lib/thumb/v6-m\libc_nano.a(lib_a-impure.o)
                0x20000084                . = ALIGN (0x4)
                0x20000084                PROVIDE (__preinit_array_start, .)
 *(.preinit_array)
                0x20000084                PROVIDE (__preinit_array_end, .)
                0x20000084                . = ALIGN (0x4)
                0x20000084                PROVIDE (__init_array_start, .)
 *(SORT_BY_NAME(.init_array.*))
 *(.init_array)
 .init_array    0x20000084        0x4 c:/users/abaub/appdata/local/arduino15/packages/arduino/tools/arm-none-eabi-gcc/7-2017q4/bin/../lib/gcc/arm-none-eabi/7.2.1/thumb/v6-m/crtbegin.o
 .init_array    0x20000088        0x4 c:\Users\abaub\Documents\Arduino\generated_examples\BlinkSerial\build\sketch\BlinkSerial.ino.cpp.o
 .init_array    0x2000008c        0x4 c:\Users\abaub\Documents\Arduino\generated_examples\BlinkSerial\build\core\variant.cpp.o
 .init_array    0x20000090        0x4 c:\Users\abaub\Documents\Arduino\generated_examples\BlinkSerial\build/core\core.a(CDC.cpp.o)
 .init_array    0x20000094        0x4 c:\Users\abaub\Documents\Arduino\generated_examples\BlinkSerial\build/core\core.a(USBCore.cpp.o)
                0x20000098                PROVIDE (__init_array_end, .)
                0x20000098                . = ALIGN (0x4)
                [!provide]                PROVIDE (__fini_array_start, .)
 *(SORT_BY_NAME(.fini_array.*))
 *(.fini_array)
 .fini_array    0x20000098        0x4 c:/users/abaub/appdata/local/arduino15/packages/arduino/tools/arm-none-eabi-gcc/7-2017q4/bin/../lib/gcc/arm-none-eabi/7.2.1/thumb/v6-m/crtbegin.o
                [!provide]                PROVIDE (__fini_array_end, .)
 *(.jcr*)
                0x200000a0                . = ALIGN (0x10)
 *fill*         0x2000009c        0x4 
                0x200000a0                __data_end__ = .

.igot.plt       0x200000a0        0x0 load address 0x0000504c
 .igot.plt      0x200000a0        0x0 c:/users/abaub/appdata/local/arduino15/packages/arduino/tools/arm-none-eabi-gcc/7-2017q4/bin/../lib/gcc/arm-none-eabi/7.2.1/thumb/v6-m/crtbegin.o

.bss            0x200000a0      0x8b8 load address 0x0000504c
                0x200000a0                . = ALIGN (0x4)
                0x200000a0                __bss_start__ = .
 *(.bss*)
 .bss           0x200000a0       0x1c c:/users/abaub/appdata/local/arduino15/packages/arduino/tools/arm-none-eabi-gcc/7-2017q4/bin/../lib/gcc/arm-none-eabi/7.2.1/thumb/v6-m/crtbegin.o
 .bss.s1        0x200000bc        0xc c:\Users\abaub\Documents\Arduino\generated_examples\BlinkSerial\build\sketch\BlinkSerial.ino.cpp.o
                0x200000bc                s1
 .bss.Serial1   0x200000c8      0x23c c:\Users\abaub\Documents\Arduino\generated_examples\BlinkSerial\build\core\variant.cpp.o
                0x200000c8                Serial1
 .bss.sercom0   0x20000304        0x4 c:\Users\abaub\Documents\Arduino\generated_examples\BlinkSerial\build\core\variant.cpp.o
                0x20000304                sercom0
 .bss.sercom1   0x20000308        0x4 c:\Users\abaub\Documents\Arduino\generated_examples\BlinkSerial\build\core\variant.cpp.o
                0x20000308                sercom1
 .bss.sercom2   0x2000030c        0x4 c:\Users\abaub\Documents\Arduino\generated_examples\BlinkSerial\build\core\variant.cpp.o
                0x2000030c                sercom2
 .bss.sercom3   0x20000310        0x4 c:\Users\abaub\Documents\Arduino\generated_examples\BlinkSerial\build\core\variant.cpp.o
                0x20000310                sercom3
 .bss.sercom4   0x20000314        0x4 c:\Users\abaub\Documents\Arduino\generated_examples\BlinkSerial\build\core\variant.cpp.o
                0x20000314                sercom4
 .bss.sercom5   0x20000318        0x4 c:\Users\abaub\Documents\Arduino\generated_examples\BlinkSerial\build\core\variant.cpp.o
                0x20000318                sercom5
 .bss.SerialUSB
                0x2000031c       0x34 c:\Users\abaub\Documents\Arduino\generated_examples\BlinkSerial\build/core\core.a(CDC.cpp.o)
                0x2000031c                SerialUSB
 .bss._ZGVZ12PluggableUSBvE3obj
                0x20000350        0x4 c:\Users\abaub\Documents\Arduino\generated_examples\BlinkSerial\build/core\core.a(PluggableUSB.cpp.o)
 .bss._ZZ12PluggableUSBvE3obj
                0x20000354        0x8 c:\Users\abaub\Documents\Arduino\generated_examples\BlinkSerial\build/core\core.a(PluggableUSB.cpp.o)
 .bss.EndPoints
                0x2000035c       0x28 c:\Users\abaub\Documents\Arduino\generated_examples\BlinkSerial\build/core\core.a(USBCore.cpp.o)
                0x2000035c                EndPoints
 .bss.USBDevice
                0x20000384        0x1 c:\Users\abaub\Documents\Arduino\generated_examples\BlinkSerial\build/core\core.a(USBCore.cpp.o)
                0x20000384                USBDevice
 *fill*         0x20000385        0x3 
 .bss._ZL10epHandlers
                0x20000388       0x1c c:\Users\abaub\Documents\Arduino\generated_examples\BlinkSerial\build/core\core.a(USBCore.cpp.o)
 .bss._ZL14isEndpointHalt
                0x200003a4        0x1 c:\Users\abaub\Documents\Arduino\generated_examples\BlinkSerial\build/core\core.a(USBCore.cpp.o)
 .bss._ZL20LastTransmitTimedOut
                0x200003a5        0x7 c:\Users\abaub\Documents\Arduino\generated_examples\BlinkSerial\build/core\core.a(USBCore.cpp.o)
 .bss._ZL21isRemoteWakeUpEnabled
                0x200003ac        0x1 c:\Users\abaub\Documents\Arduino\generated_examples\BlinkSerial\build/core\core.a(USBCore.cpp.o)
 *fill*         0x200003ad        0x3 
 .bss._ZL22udd_ep_in_cache_buffer
                0x200003b0      0x1c0 c:\Users\abaub\Documents\Arduino\generated_examples\BlinkSerial\build/core\core.a(USBCore.cpp.o)
 .bss._ZL23udd_ep_out_cache_buffer
                0x20000570      0x1c0 c:\Users\abaub\Documents\Arduino\generated_examples\BlinkSerial\build/core\core.a(USBCore.cpp.o)
 .bss._dry_run  0x20000730        0x1 c:\Users\abaub\Documents\Arduino\generated_examples\BlinkSerial\build/core\core.a(USBCore.cpp.o)
                0x20000730                _dry_run
 .bss._pack_buffer
                0x20000731      0x100 c:\Users\abaub\Documents\Arduino\generated_examples\BlinkSerial\build/core\core.a(USBCore.cpp.o)
                0x20000731                _pack_buffer
 .bss._pack_message
                0x20000831        0x1 c:\Users\abaub\Documents\Arduino\generated_examples\BlinkSerial\build/core\core.a(USBCore.cpp.o)
                0x20000831                _pack_message
 .bss._pack_size
                0x20000832        0x2 c:\Users\abaub\Documents\Arduino\generated_examples\BlinkSerial\build/core\core.a(USBCore.cpp.o)
                0x20000832                _pack_size
 .bss._usbConfiguration
                0x20000834        0x4 c:\Users\abaub\Documents\Arduino\generated_examples\BlinkSerial\build/core\core.a(USBCore.cpp.o)
                0x20000834                _usbConfiguration
 .bss._usbSetInterface
                0x20000838        0x4 c:\Users\abaub\Documents\Arduino\generated_examples\BlinkSerial\build/core\core.a(USBCore.cpp.o)
                0x20000838                _usbSetInterface
 .bss.usbd      0x2000083c      0x104 c:\Users\abaub\Documents\Arduino\generated_examples\BlinkSerial\build/core\core.a(USBCore.cpp.o)
                0x2000083c                usbd
 .bss.usb_isr   0x20000940        0x4 c:\Users\abaub\Documents\Arduino\generated_examples\BlinkSerial\build/core\core.a(cortex_handlers.c.o)
 .bss._ulTickCount
                0x20000944        0x4 c:\Users\abaub\Documents\Arduino\generated_examples\BlinkSerial\build/core\core.a(delay.c.o)
 .bss.__malloc_free_list
                0x20000948        0x4 c:/users/abaub/appdata/local/arduino15/packages/arduino/tools/arm-none-eabi-gcc/7-2017q4/bin/../lib/gcc/arm-none-eabi/7.2.1/../../../../arm-none-eabi/lib/thumb/v6-m\libc_nano.a(lib_a-nano-mallocr.o)
                0x20000948                __malloc_free_list
 .bss.__malloc_sbrk_start
                0x2000094c        0x4 c:/users/abaub/appdata/local/arduino15/packages/arduino/tools/arm-none-eabi-gcc/7-2017q4/bin/../lib/gcc/arm-none-eabi/7.2.1/../../../../arm-none-eabi/lib/thumb/v6-m\libc_nano.a(lib_a-nano-mallocr.o)
                0x2000094c                __malloc_sbrk_start
 .bss.heap_end.4102
                0x20000950        0x4 c:/users/abaub/appdata/local/arduino15/packages/arduino/tools/arm-none-eabi-gcc/7-2017q4/bin/../lib/gcc/arm-none-eabi/7.2.1/../../../../arm-none-eabi/lib/thumb/v6-m\libnosys.a(sbrk.o)
 *(COMMON)
 COMMON         0x20000954        0x4 c:/users/abaub/appdata/local/arduino15/packages/arduino/tools/arm-none-eabi-gcc/7-2017q4/bin/../lib/gcc/arm-none-eabi/7.2.1/../../../../arm-none-eabi/lib/thumb/v6-m\libc_nano.a(lib_a-reent.o)
                0x20000954                errno
                0x20000958                . = ALIGN (0x4)
                0x20000958                __bss_end__ = .

.heap           0x20000958        0x0
                0x20000958                __end__ = .
                0x20000958                PROVIDE (end, .)
 *(.heap*)
                0x20000958                __HeapLimit = .

.stack_dummy    0x20000958        0x0
 *(.stack*)
                0x20008000                __StackTop = (ORIGIN (RAM) + LENGTH (RAM))
                0x20008000                __StackLimit = (__StackTop - SIZEOF (.stack_dummy))
                0x20008000                PROVIDE (__stack, __StackTop)
                0x20007fff                __ram_end__ = ((ORIGIN (RAM) + LENGTH (RAM)) - 0x1)
                0x00000001                ASSERT ((__StackLimit >= __HeapLimit), region RAM overflowed with stack)
OUTPUT(c:\Users\abaub\Documents\Arduino\generated_examples\BlinkSerial\build/BlinkSerial.ino.elf elf32-littlearm)

.ARM.attributes
                0x00000000       0x28
 .ARM.attributes
                0x00000000       0x1e c:/users/abaub/appdata/local/arduino15/packages/arduino/tools/arm-none-eabi-gcc/7-2017q4/bin/../lib/gcc/arm-none-eabi/7.2.1/thumb/v6-m/crti.o
 .ARM.attributes
                0x0000001e       0x2c c:/users/abaub/appdata/local/arduino15/packages/arduino/tools/arm-none-eabi-gcc/7-2017q4/bin/../lib/gcc/arm-none-eabi/7.2.1/thumb/v6-m/crtbegin.o
 .ARM.attributes
                0x0000004a       0x32 c:\Users\abaub\Documents\Arduino\generated_examples\BlinkSerial\build\sketch\BlinkSerial.ino.cpp.o
 .ARM.attributes
                0x0000007c       0x32 c:\Users\abaub\Documents\Arduino\generated_examples\BlinkSerial\build\core\variant.cpp.o
 .ARM.attributes
                0x000000ae       0x32 c:\Users\abaub\Documents\Arduino\generated_examples\BlinkSerial\build/core\core.a(Print.cpp.o)
 .ARM.attributes
                0x000000e0       0x32 c:\Users\abaub\Documents\Arduino\generated_examples\BlinkSerial\build/core\core.a(SERCOM.cpp.o)
 .ARM.attributes
                0x00000112       0x32 c:\Users\abaub\Documents\Arduino\generated_examples\BlinkSerial\build/core\core.a(Stream.cpp.o)
 .ARM.attributes
                0x00000144       0x32 c:\Users\abaub\Documents\Arduino\generated_examples\BlinkSerial\build/core\core.a(CDC.cpp.o)
 .ARM.attributes
                0x00000176       0x32 c:\Users\abaub\Documents\Arduino\generated_examples\BlinkSerial\build/core\core.a(PluggableUSB.cpp.o)
 .ARM.attributes
                0x000001a8       0x32 c:\Users\abaub\Documents\Arduino\generated_examples\BlinkSerial\build/core\core.a(USBCore.cpp.o)
 .ARM.attributes
                0x000001da       0x32 c:\Users\abaub\Documents\Arduino\generated_examples\BlinkSerial\build/core\core.a(Uart.cpp.o)
 .ARM.attributes
                0x0000020c       0x32 c:\Users\abaub\Documents\Arduino\generated_examples\BlinkSerial\build/core\core.a(WString.cpp.o)
 .ARM.attributes
                0x0000023e       0x32 c:\Users\abaub\Documents\Arduino\generated_examples\BlinkSerial\build/core\core.a(cortex_handlers.c.o)
 .ARM.attributes
                0x00000270       0x32 c:\Users\abaub\Documents\Arduino\generated_examples\BlinkSerial\build/core\core.a(delay.c.o)
 .ARM.attributes
                0x000002a2       0x32 c:\Users\abaub\Documents\Arduino\generated_examples\BlinkSerial\build/core\core.a(hooks.c.o)
 .ARM.attributes
                0x000002d4       0x32 c:\Users\abaub\Documents\Arduino\generated_examples\BlinkSerial\build/core\core.a(main.cpp.o)
 .ARM.attributes
                0x00000306       0x32 c:\Users\abaub\Documents\Arduino\generated_examples\BlinkSerial\build/core\core.a(new.cpp.o)
 .ARM.attributes
                0x00000338       0x32 c:\Users\abaub\Documents\Arduino\generated_examples\BlinkSerial\build/core\core.a(startup.c.o)
 .ARM.attributes
                0x0000036a       0x32 c:\Users\abaub\Documents\Arduino\generated_examples\BlinkSerial\build/core\core.a(wiring.c.o)
 .ARM.attributes
                0x0000039c       0x32 c:\Users\abaub\Documents\Arduino\generated_examples\BlinkSerial\build/core\core.a(wiring_analog.c.o)
 .ARM.attributes
                0x000003ce       0x32 c:\Users\abaub\Documents\Arduino\generated_examples\BlinkSerial\build/core\core.a(wiring_digital.c.o)
 .ARM.attributes
                0x00000400       0x32 c:\Users\abaub\Documents\Arduino\generated_examples\BlinkSerial\build/core\core.a(wiring_private.c.o)
 .ARM.attributes
                0x00000432       0x32 c:\Users\abaub\Documents\Arduino\generated_examples\BlinkSerial\build/core\core.a(Reset.cpp.o)
 .ARM.attributes
                0x00000464       0x2c c:/users/abaub/appdata/local/arduino15/packages/arduino/tools/arm-none-eabi-gcc/7-2017q4/bin/../lib/gcc/arm-none-eabi/7.2.1/../../../../arm-none-eabi/lib/thumb/v6-m\libstdc++_nano.a(atexit_arm.o)
 .ARM.attributes
                0x00000490       0x1e c:/users/abaub/appdata/local/arduino15/packages/arduino/tools/arm-none-eabi-gcc/7-2017q4/bin/../lib/gcc/arm-none-eabi/7.2.1/thumb/v6-m\libgcc.a(_thumb1_case_uqi.o)
 .ARM.attributes
                0x000004ae       0x1e c:/users/abaub/appdata/local/arduino15/packages/arduino/tools/arm-none-eabi-gcc/7-2017q4/bin/../lib/gcc/arm-none-eabi/7.2.1/thumb/v6-m\libgcc.a(_udivsi3.o)
 .ARM.attributes
                0x000004cc       0x1e c:/users/abaub/appdata/local/arduino15/packages/arduino/tools/arm-none-eabi-gcc/7-2017q4/bin/../lib/gcc/arm-none-eabi/7.2.1/thumb/v6-m\libgcc.a(_dvmd_tls.o)
 .ARM.attributes
                0x000004ea       0x2c c:/users/abaub/appdata/local/arduino15/packages/arduino/tools/arm-none-eabi-gcc/7-2017q4/bin/../lib/gcc/arm-none-eabi/7.2.1/../../../../arm-none-eabi/lib/thumb/v6-m\libc_nano.a(lib_a-cxa_atexit.o)
 .ARM.attributes
                0x00000516       0x2c c:/users/abaub/appdata/local/arduino15/packages/arduino/tools/arm-none-eabi-gcc/7-2017q4/bin/../lib/gcc/arm-none-eabi/7.2.1/../../../../arm-none-eabi/lib/thumb/v6-m\libc_nano.a(lib_a-impure.o)
 .ARM.attributes
                0x00000542       0x2c c:/users/abaub/appdata/local/arduino15/packages/arduino/tools/arm-none-eabi-gcc/7-2017q4/bin/../lib/gcc/arm-none-eabi/7.2.1/../../../../arm-none-eabi/lib/thumb/v6-m\libc_nano.a(lib_a-init.o)
 .ARM.attributes
                0x0000056e       0x2c c:/users/abaub/appdata/local/arduino15/packages/arduino/tools/arm-none-eabi-gcc/7-2017q4/bin/../lib/gcc/arm-none-eabi/7.2.1/../../../../arm-none-eabi/lib/thumb/v6-m\libc_nano.a(lib_a-malloc.o)
 .ARM.attributes
                0x0000059a       0x2c c:/users/abaub/appdata/local/arduino15/packages/arduino/tools/arm-none-eabi-gcc/7-2017q4/bin/../lib/gcc/arm-none-eabi/7.2.1/../../../../arm-none-eabi/lib/thumb/v6-m\libc_nano.a(lib_a-memcpy-stub.o)
 .ARM.attributes
                0x000005c6       0x2c c:/users/abaub/appdata/local/arduino15/packages/arduino/tools/arm-none-eabi-gcc/7-2017q4/bin/../lib/gcc/arm-none-eabi/7.2.1/../../../../arm-none-eabi/lib/thumb/v6-m\libc_nano.a(lib_a-memset.o)
 .ARM.attributes
                0x000005f2       0x2c c:/users/abaub/appdata/local/arduino15/packages/arduino/tools/arm-none-eabi-gcc/7-2017q4/bin/../lib/gcc/arm-none-eabi/7.2.1/../../../../arm-none-eabi/lib/thumb/v6-m\libc_nano.a(lib_a-nano-freer.o)
 .ARM.attributes
                0x0000061e       0x2c c:/users/abaub/appdata/local/arduino15/packages/arduino/tools/arm-none-eabi-gcc/7-2017q4/bin/../lib/gcc/arm-none-eabi/7.2.1/../../../../arm-none-eabi/lib/thumb/v6-m\libc_nano.a(lib_a-nano-mallocr.o)
 .ARM.attributes
                0x0000064a       0x2c c:/users/abaub/appdata/local/arduino15/packages/arduino/tools/arm-none-eabi-gcc/7-2017q4/bin/../lib/gcc/arm-none-eabi/7.2.1/../../../../arm-none-eabi/lib/thumb/v6-m\libc_nano.a(lib_a-realloc.o)
 .ARM.attributes
                0x00000676       0x2c c:/users/abaub/appdata/local/arduino15/packages/arduino/tools/arm-none-eabi-gcc/7-2017q4/bin/../lib/gcc/arm-none-eabi/7.2.1/../../../../arm-none-eabi/lib/thumb/v6-m\libc_nano.a(lib_a-sbrkr.o)
 .ARM.attributes
                0x000006a2       0x1c c:/users/abaub/appdata/local/arduino15/packages/arduino/tools/arm-none-eabi-gcc/7-2017q4/bin/../lib/gcc/arm-none-eabi/7.2.1/../../../../arm-none-eabi/lib/thumb/v6-m\libc_nano.a(lib_a-strcmp.o)
 .ARM.attributes
                0x000006be       0x2c c:/users/abaub/appdata/local/arduino15/packages/arduino/tools/arm-none-eabi-gcc/7-2017q4/bin/../lib/gcc/arm-none-eabi/7.2.1/../../../../arm-none-eabi/lib/thumb/v6-m\libc_nano.a(lib_a-strcpy.o)
 .ARM.attributes
                0x000006ea       0x1c c:/users/abaub/appdata/local/arduino15/packages/arduino/tools/arm-none-eabi-gcc/7-2017q4/bin/../lib/gcc/arm-none-eabi/7.2.1/../../../../arm-none-eabi/lib/thumb/v6-m\libc_nano.a(lib_a-strlen.o)
 .ARM.attributes
                0x00000706       0x2c c:/users/abaub/appdata/local/arduino15/packages/arduino/tools/arm-none-eabi-gcc/7-2017q4/bin/../lib/gcc/arm-none-eabi/7.2.1/../../../../arm-none-eabi/lib/thumb/v6-m\libc_nano.a(lib_a-strstr.o)
 .ARM.attributes
                0x00000732       0x2c c:/users/abaub/appdata/local/arduino15/packages/arduino/tools/arm-none-eabi-gcc/7-2017q4/bin/../lib/gcc/arm-none-eabi/7.2.1/../../../../arm-none-eabi/lib/thumb/v6-m\libc_nano.a(lib_a-mlock.o)
 .ARM.attributes
                0x0000075e       0x2c c:/users/abaub/appdata/local/arduino15/packages/arduino/tools/arm-none-eabi-gcc/7-2017q4/bin/../lib/gcc/arm-none-eabi/7.2.1/../../../../arm-none-eabi/lib/thumb/v6-m\libc_nano.a(lib_a-nano-reallocr.o)
 .ARM.attributes
                0x0000078a       0x2c c:/users/abaub/appdata/local/arduino15/packages/arduino/tools/arm-none-eabi-gcc/7-2017q4/bin/../lib/gcc/arm-none-eabi/7.2.1/../../../../arm-none-eabi/lib/thumb/v6-m\libc_nano.a(lib_a-reent.o)
 .ARM.attributes
                0x000007b6       0x2c c:/users/abaub/appdata/local/arduino15/packages/arduino/tools/arm-none-eabi-gcc/7-2017q4/bin/../lib/gcc/arm-none-eabi/7.2.1/../../../../arm-none-eabi/lib/thumb/v6-m\libc_nano.a(lib_a-nano-msizer.o)
 .ARM.attributes
                0x000007e2       0x2c c:/users/abaub/appdata/local/arduino15/packages/arduino/tools/arm-none-eabi-gcc/7-2017q4/bin/../lib/gcc/arm-none-eabi/7.2.1/../../../../arm-none-eabi/lib/thumb/v6-m\libnosys.a(sbrk.o)
 .ARM.attributes
                0x0000080e       0x2c c:/users/abaub/appdata/local/arduino15/packages/arduino/tools/arm-none-eabi-gcc/7-2017q4/bin/../lib/gcc/arm-none-eabi/7.2.1/thumb/v6-m/crtend.o
 .ARM.attributes
                0x0000083a       0x1e c:/users/abaub/appdata/local/arduino15/packages/arduino/tools/arm-none-eabi-gcc/7-2017q4/bin/../lib/gcc/arm-none-eabi/7.2.1/thumb/v6-m/crtn.o

.comment        0x00000000       0x7e
 .comment       0x00000000       0x7e c:\Users\abaub\Documents\Arduino\generated_examples\BlinkSerial\build\sketch\BlinkSerial.ino.cpp.o
                                 0x7f (size before relaxing)
 .comment       0x0000007e       0x7f c:\Users\abaub\Documents\Arduino\generated_examples\BlinkSerial\build\core\variant.cpp.o
 .comment       0x0000007e       0x7f c:\Users\abaub\Documents\Arduino\generated_examples\BlinkSerial\build/core\core.a(Print.cpp.o)
 .comment       0x0000007e       0x7f c:\Users\abaub\Documents\Arduino\generated_examples\BlinkSerial\build/core\core.a(SERCOM.cpp.o)
 .comment       0x0000007e       0x7f c:\Users\abaub\Documents\Arduino\generated_examples\BlinkSerial\build/core\core.a(Stream.cpp.o)
 .comment       0x0000007e       0x7f c:\Users\abaub\Documents\Arduino\generated_examples\BlinkSerial\build/core\core.a(CDC.cpp.o)
 .comment       0x0000007e       0x7f c:\Users\abaub\Documents\Arduino\generated_examples\BlinkSerial\build/core\core.a(PluggableUSB.cpp.o)
 .comment       0x0000007e       0x7f c:\Users\abaub\Documents\Arduino\generated_examples\BlinkSerial\build/core\core.a(USBCore.cpp.o)
 .comment       0x0000007e       0x7f c:\Users\abaub\Documents\Arduino\generated_examples\BlinkSerial\build/core\core.a(Uart.cpp.o)
 .comment       0x0000007e       0x7f c:\Users\abaub\Documents\Arduino\generated_examples\BlinkSerial\build/core\core.a(WString.cpp.o)
 .comment       0x0000007e       0x7f c:\Users\abaub\Documents\Arduino\generated_examples\BlinkSerial\build/core\core.a(cortex_handlers.c.o)
 .comment       0x0000007e       0x7f c:\Users\abaub\Documents\Arduino\generated_examples\BlinkSerial\build/core\core.a(delay.c.o)
 .comment       0x0000007e       0x7f c:\Users\abaub\Documents\Arduino\generated_examples\BlinkSerial\build/core\core.a(hooks.c.o)
 .comment       0x0000007e       0x7f c:\Users\abaub\Documents\Arduino\generated_examples\BlinkSerial\build/core\core.a(main.cpp.o)
 .comment       0x0000007e       0x7f c:\Users\abaub\Documents\Arduino\generated_examples\BlinkSerial\build/core\core.a(new.cpp.o)
 .comment       0x0000007e       0x7f c:\Users\abaub\Documents\Arduino\generated_examples\BlinkSerial\build/core\core.a(startup.c.o)
 .comment       0x0000007e       0x7f c:\Users\abaub\Documents\Arduino\generated_examples\BlinkSerial\build/core\core.a(wiring.c.o)
 .comment       0x0000007e       0x7f c:\Users\abaub\Documents\Arduino\generated_examples\BlinkSerial\build/core\core.a(wiring_analog.c.o)
 .comment       0x0000007e       0x7f c:\Users\abaub\Documents\Arduino\generated_examples\BlinkSerial\build/core\core.a(wiring_digital.c.o)
 .comment       0x0000007e       0x7f c:\Users\abaub\Documents\Arduino\generated_examples\BlinkSerial\build/core\core.a(wiring_private.c.o)
 .comment       0x0000007e       0x7f c:\Users\abaub\Documents\Arduino\generated_examples\BlinkSerial\build/core\core.a(Reset.cpp.o)

.debug_info     0x00000000    0x5e773
 .debug_info    0x00000000     0x60e7 c:\Users\abaub\Documents\Arduino\generated_examples\BlinkSerial\build\sketch\BlinkSerial.ino.cpp.o
 .debug_info    0x000060e7     0x63ba c:\Users\abaub\Documents\Arduino\generated_examples\BlinkSerial\build\core\variant.cpp.o
 .debug_info    0x0000c4a1     0x7136 c:\Users\abaub\Documents\Arduino\generated_examples\BlinkSerial\build/core\core.a(Print.cpp.o)
 .debug_info    0x000135d7     0x5f48 c:\Users\abaub\Documents\Arduino\generated_examples\BlinkSerial\build/core\core.a(SERCOM.cpp.o)
 .debug_info    0x0001951f     0x67cc c:\Users\abaub\Documents\Arduino\generated_examples\BlinkSerial\build/core\core.a(Stream.cpp.o)
 .debug_info    0x0001fceb     0x98a2 c:\Users\abaub\Documents\Arduino\generated_examples\BlinkSerial\build/core\core.a(CDC.cpp.o)
 .debug_info    0x0002958d     0x1a87 c:\Users\abaub\Documents\Arduino\generated_examples\BlinkSerial\build/core\core.a(PluggableUSB.cpp.o)
 .debug_info    0x0002b014     0xc541 c:\Users\abaub\Documents\Arduino\generated_examples\BlinkSerial\build/core\core.a(USBCore.cpp.o)
 .debug_info    0x00037555     0x794e c:\Users\abaub\Documents\Arduino\generated_examples\BlinkSerial\build/core\core.a(Uart.cpp.o)
 .debug_info    0x0003eea3     0x4909 c:\Users\abaub\Documents\Arduino\generated_examples\BlinkSerial\build/core\core.a(WString.cpp.o)
 .debug_info    0x000437ac     0x1101 c:\Users\abaub\Documents\Arduino\generated_examples\BlinkSerial\build/core\core.a(cortex_handlers.c.o)
 .debug_info    0x000448ad     0x1395 c:\Users\abaub\Documents\Arduino\generated_examples\BlinkSerial\build/core\core.a(delay.c.o)
 .debug_info    0x00045c42       0x64 c:\Users\abaub\Documents\Arduino\generated_examples\BlinkSerial\build/core\core.a(hooks.c.o)
 .debug_info    0x00045ca6     0x4a6d c:\Users\abaub\Documents\Arduino\generated_examples\BlinkSerial\build/core\core.a(main.cpp.o)
 .debug_info    0x0004a713      0xf3b c:\Users\abaub\Documents\Arduino\generated_examples\BlinkSerial\build/core\core.a(new.cpp.o)
 .debug_info    0x0004b64e     0x34c3 c:\Users\abaub\Documents\Arduino\generated_examples\BlinkSerial\build/core\core.a(startup.c.o)
 .debug_info    0x0004eb11     0x2d6f c:\Users\abaub\Documents\Arduino\generated_examples\BlinkSerial\build/core\core.a(wiring.c.o)
 .debug_info    0x00051880     0x4efb c:\Users\abaub\Documents\Arduino\generated_examples\BlinkSerial\build/core\core.a(wiring_analog.c.o)
 .debug_info    0x0005677b     0x17ef c:\Users\abaub\Documents\Arduino\generated_examples\BlinkSerial\build/core\core.a(wiring_digital.c.o)
 .debug_info    0x00057f6a     0x17da c:\Users\abaub\Documents\Arduino\generated_examples\BlinkSerial\build/core\core.a(wiring_private.c.o)
 .debug_info    0x00059744     0x502f c:\Users\abaub\Documents\Arduino\generated_examples\BlinkSerial\build/core\core.a(Reset.cpp.o)

.debug_abbrev   0x00000000     0x72d4
 .debug_abbrev  0x00000000      0x67c c:\Users\abaub\Documents\Arduino\generated_examples\BlinkSerial\build\sketch\BlinkSerial.ino.cpp.o
 .debug_abbrev  0x0000067c      0x51d c:\Users\abaub\Documents\Arduino\generated_examples\BlinkSerial\build\core\variant.cpp.o
 .debug_abbrev  0x00000b99      0x826 c:\Users\abaub\Documents\Arduino\generated_examples\BlinkSerial\build/core\core.a(Print.cpp.o)
 .debug_abbrev  0x000013bf      0x786 c:\Users\abaub\Documents\Arduino\generated_examples\BlinkSerial\build/core\core.a(SERCOM.cpp.o)
 .debug_abbrev  0x00001b45      0x75a c:\Users\abaub\Documents\Arduino\generated_examples\BlinkSerial\build/core\core.a(Stream.cpp.o)
 .debug_abbrev  0x0000229f      0xac0 c:\Users\abaub\Documents\Arduino\generated_examples\BlinkSerial\build/core\core.a(CDC.cpp.o)
 .debug_abbrev  0x00002d5f      0x550 c:\Users\abaub\Documents\Arduino\generated_examples\BlinkSerial\build/core\core.a(PluggableUSB.cpp.o)
 .debug_abbrev  0x000032af      0xbff c:\Users\abaub\Documents\Arduino\generated_examples\BlinkSerial\build/core\core.a(USBCore.cpp.o)
 .debug_abbrev  0x00003eae      0x8a2 c:\Users\abaub\Documents\Arduino\generated_examples\BlinkSerial\build/core\core.a(Uart.cpp.o)
 .debug_abbrev  0x00004750      0x6af c:\Users\abaub\Documents\Arduino\generated_examples\BlinkSerial\build/core\core.a(WString.cpp.o)
 .debug_abbrev  0x00004dff      0x29a c:\Users\abaub\Documents\Arduino\generated_examples\BlinkSerial\build/core\core.a(cortex_handlers.c.o)
 .debug_abbrev  0x00005099      0x304 c:\Users\abaub\Documents\Arduino\generated_examples\BlinkSerial\build/core\core.a(delay.c.o)
 .debug_abbrev  0x0000539d       0x49 c:\Users\abaub\Documents\Arduino\generated_examples\BlinkSerial\build/core\core.a(hooks.c.o)
 .debug_abbrev  0x000053e6      0x522 c:\Users\abaub\Documents\Arduino\generated_examples\BlinkSerial\build/core\core.a(main.cpp.o)
 .debug_abbrev  0x00005908      0x301 c:\Users\abaub\Documents\Arduino\generated_examples\BlinkSerial\build/core\core.a(new.cpp.o)
 .debug_abbrev  0x00005c09      0x2ac c:\Users\abaub\Documents\Arduino\generated_examples\BlinkSerial\build/core\core.a(startup.c.o)
 .debug_abbrev  0x00005eb5      0x3a1 c:\Users\abaub\Documents\Arduino\generated_examples\BlinkSerial\build/core\core.a(wiring.c.o)
 .debug_abbrev  0x00006256      0x47e c:\Users\abaub\Documents\Arduino\generated_examples\BlinkSerial\build/core\core.a(wiring_analog.c.o)
 .debug_abbrev  0x000066d4      0x330 c:\Users\abaub\Documents\Arduino\generated_examples\BlinkSerial\build/core\core.a(wiring_digital.c.o)
 .debug_abbrev  0x00006a04      0x31c c:\Users\abaub\Documents\Arduino\generated_examples\BlinkSerial\build/core\core.a(wiring_private.c.o)
 .debug_abbrev  0x00006d20      0x5b4 c:\Users\abaub\Documents\Arduino\generated_examples\BlinkSerial\build/core\core.a(Reset.cpp.o)

.debug_loc      0x00000000     0x9847
 .debug_loc     0x00000000       0x5a c:\Users\abaub\Documents\Arduino\generated_examples\BlinkSerial\build\sketch\BlinkSerial.ino.cpp.o
 .debug_loc     0x0000005a       0x2a c:\Users\abaub\Documents\Arduino\generated_examples\BlinkSerial\build\core\variant.cpp.o
 .debug_loc     0x00000084     0x139e c:\Users\abaub\Documents\Arduino\generated_examples\BlinkSerial\build/core\core.a(Print.cpp.o)
 .debug_loc     0x00001422      0xb3f c:\Users\abaub\Documents\Arduino\generated_examples\BlinkSerial\build/core\core.a(SERCOM.cpp.o)
 .debug_loc     0x00001f61      0xc2e c:\Users\abaub\Documents\Arduino\generated_examples\BlinkSerial\build/core\core.a(Stream.cpp.o)
 .debug_loc     0x00002b8f      0x806 c:\Users\abaub\Documents\Arduino\generated_examples\BlinkSerial\build/core\core.a(CDC.cpp.o)
 .debug_loc     0x00003395      0x2c7 c:\Users\abaub\Documents\Arduino\generated_examples\BlinkSerial\build/core\core.a(PluggableUSB.cpp.o)
 .debug_loc     0x0000365c     0x2787 c:\Users\abaub\Documents\Arduino\generated_examples\BlinkSerial\build/core\core.a(USBCore.cpp.o)
 .debug_loc     0x00005de3      0xa43 c:\Users\abaub\Documents\Arduino\generated_examples\BlinkSerial\build/core\core.a(Uart.cpp.o)
 .debug_loc     0x00006826     0x2679 c:\Users\abaub\Documents\Arduino\generated_examples\BlinkSerial\build/core\core.a(WString.cpp.o)
 .debug_loc     0x00008e9f       0x3c c:\Users\abaub\Documents\Arduino\generated_examples\BlinkSerial\build/core\core.a(cortex_handlers.c.o)
 .debug_loc     0x00008edb       0xfb c:\Users\abaub\Documents\Arduino\generated_examples\BlinkSerial\build/core\core.a(delay.c.o)
 .debug_loc     0x00008fd6       0x42 c:\Users\abaub\Documents\Arduino\generated_examples\BlinkSerial\build/core\core.a(new.cpp.o)
 .debug_loc     0x00009018       0x2e c:\Users\abaub\Documents\Arduino\generated_examples\BlinkSerial\build/core\core.a(startup.c.o)
 .debug_loc     0x00009046       0xab c:\Users\abaub\Documents\Arduino\generated_examples\BlinkSerial\build/core\core.a(wiring.c.o)
 .debug_loc     0x000090f1      0x4cc c:\Users\abaub\Documents\Arduino\generated_examples\BlinkSerial\build/core\core.a(wiring_analog.c.o)
 .debug_loc     0x000095bd      0x12c c:\Users\abaub\Documents\Arduino\generated_examples\BlinkSerial\build/core\core.a(wiring_digital.c.o)
 .debug_loc     0x000096e9      0x131 c:\Users\abaub\Documents\Arduino\generated_examples\BlinkSerial\build/core\core.a(wiring_private.c.o)
 .debug_loc     0x0000981a       0x2d c:\Users\abaub\Documents\Arduino\generated_examples\BlinkSerial\build/core\core.a(Reset.cpp.o)

.debug_aranges  0x00000000      0xc58
 .debug_aranges
                0x00000000       0x30 c:\Users\abaub\Documents\Arduino\generated_examples\BlinkSerial\build\sketch\BlinkSerial.ino.cpp.o
 .debug_aranges
                0x00000030       0x30 c:\Users\abaub\Documents\Arduino\generated_examples\BlinkSerial\build\core\variant.cpp.o
 .debug_aranges
                0x00000060      0x108 c:\Users\abaub\Documents\Arduino\generated_examples\BlinkSerial\build/core\core.a(Print.cpp.o)
 .debug_aranges
                0x00000168      0x1f0 c:\Users\abaub\Documents\Arduino\generated_examples\BlinkSerial\build/core\core.a(SERCOM.cpp.o)
 .debug_aranges
                0x00000358       0x90 c:\Users\abaub\Documents\Arduino\generated_examples\BlinkSerial\build/core\core.a(Stream.cpp.o)
 .debug_aranges
                0x000003e8      0x120 c:\Users\abaub\Documents\Arduino\generated_examples\BlinkSerial\build/core\core.a(CDC.cpp.o)
 .debug_aranges
                0x00000508       0x58 c:\Users\abaub\Documents\Arduino\generated_examples\BlinkSerial\build/core\core.a(PluggableUSB.cpp.o)
 .debug_aranges
                0x00000560      0x178 c:\Users\abaub\Documents\Arduino\generated_examples\BlinkSerial\build/core\core.a(USBCore.cpp.o)
 .debug_aranges
                0x000006d8       0xb0 c:\Users\abaub\Documents\Arduino\generated_examples\BlinkSerial\build/core\core.a(Uart.cpp.o)
 .debug_aranges
                0x00000788      0x2c0 c:\Users\abaub\Documents\Arduino\generated_examples\BlinkSerial\build/core\core.a(WString.cpp.o)
 .debug_aranges
                0x00000a48       0x40 c:\Users\abaub\Documents\Arduino\generated_examples\BlinkSerial\build/core\core.a(cortex_handlers.c.o)
 .debug_aranges
                0x00000a88       0x40 c:\Users\abaub\Documents\Arduino\generated_examples\BlinkSerial\build/core\core.a(delay.c.o)
 .debug_aranges
                0x00000ac8       0x30 c:\Users\abaub\Documents\Arduino\generated_examples\BlinkSerial\build/core\core.a(hooks.c.o)
 .debug_aranges
                0x00000af8       0x28 c:\Users\abaub\Documents\Arduino\generated_examples\BlinkSerial\build/core\core.a(main.cpp.o)
 .debug_aranges
                0x00000b20       0x28 c:\Users\abaub\Documents\Arduino\generated_examples\BlinkSerial\build/core\core.a(new.cpp.o)
 .debug_aranges
                0x00000b48       0x20 c:\Users\abaub\Documents\Arduino\generated_examples\BlinkSerial\build/core\core.a(startup.c.o)
 .debug_aranges
                0x00000b68       0x20 c:\Users\abaub\Documents\Arduino\generated_examples\BlinkSerial\build/core\core.a(wiring.c.o)
 .debug_aranges
                0x00000b88       0x48 c:\Users\abaub\Documents\Arduino\generated_examples\BlinkSerial\build/core\core.a(wiring_analog.c.o)
 .debug_aranges
                0x00000bd0       0x30 c:\Users\abaub\Documents\Arduino\generated_examples\BlinkSerial\build/core\core.a(wiring_digital.c.o)
 .debug_aranges
                0x00000c00       0x20 c:\Users\abaub\Documents\Arduino\generated_examples\BlinkSerial\build/core\core.a(wiring_private.c.o)
 .debug_aranges
                0x00000c20       0x38 c:\Users\abaub\Documents\Arduino\generated_examples\BlinkSerial\build/core\core.a(Reset.cpp.o)

.debug_ranges   0x00000000     0x1918
 .debug_ranges  0x00000000       0x20 c:\Users\abaub\Documents\Arduino\generated_examples\BlinkSerial\build\sketch\BlinkSerial.ino.cpp.o
 .debug_ranges  0x00000020       0x20 c:\Users\abaub\Documents\Arduino\generated_examples\BlinkSerial\build\core\variant.cpp.o
 .debug_ranges  0x00000040      0x168 c:\Users\abaub\Documents\Arduino\generated_examples\BlinkSerial\build/core\core.a(Print.cpp.o)
 .debug_ranges  0x000001a8      0x2a0 c:\Users\abaub\Documents\Arduino\generated_examples\BlinkSerial\build/core\core.a(SERCOM.cpp.o)
 .debug_ranges  0x00000448      0x120 c:\Users\abaub\Documents\Arduino\generated_examples\BlinkSerial\build/core\core.a(Stream.cpp.o)
 .debug_ranges  0x00000568      0x1b0 c:\Users\abaub\Documents\Arduino\generated_examples\BlinkSerial\build/core\core.a(CDC.cpp.o)
 .debug_ranges  0x00000718       0x60 c:\Users\abaub\Documents\Arduino\generated_examples\BlinkSerial\build/core\core.a(PluggableUSB.cpp.o)
 .debug_ranges  0x00000778      0x8a8 c:\Users\abaub\Documents\Arduino\generated_examples\BlinkSerial\build/core\core.a(USBCore.cpp.o)
 .debug_ranges  0x00001020      0x1b0 c:\Users\abaub\Documents\Arduino\generated_examples\BlinkSerial\build/core\core.a(Uart.cpp.o)
 .debug_ranges  0x000011d0      0x538 c:\Users\abaub\Documents\Arduino\generated_examples\BlinkSerial\build/core\core.a(WString.cpp.o)
 .debug_ranges  0x00001708       0x30 c:\Users\abaub\Documents\Arduino\generated_examples\BlinkSerial\build/core\core.a(cortex_handlers.c.o)
 .debug_ranges  0x00001738       0x30 c:\Users\abaub\Documents\Arduino\generated_examples\BlinkSerial\build/core\core.a(delay.c.o)
 .debug_ranges  0x00001768       0x20 c:\Users\abaub\Documents\Arduino\generated_examples\BlinkSerial\build/core\core.a(hooks.c.o)
 .debug_ranges  0x00001788       0x18 c:\Users\abaub\Documents\Arduino\generated_examples\BlinkSerial\build/core\core.a(main.cpp.o)
 .debug_ranges  0x000017a0       0x18 c:\Users\abaub\Documents\Arduino\generated_examples\BlinkSerial\build/core\core.a(new.cpp.o)
 .debug_ranges  0x000017b8       0x10 c:\Users\abaub\Documents\Arduino\generated_examples\BlinkSerial\build/core\core.a(startup.c.o)
 .debug_ranges  0x000017c8       0x28 c:\Users\abaub\Documents\Arduino\generated_examples\BlinkSerial\build/core\core.a(wiring.c.o)
 .debug_ranges  0x000017f0       0x98 c:\Users\abaub\Documents\Arduino\generated_examples\BlinkSerial\build/core\core.a(wiring_analog.c.o)